00:56:52 | INFO | Rolling walk-forward retrain
00:56:52 | INFO | Universe: 443 stocks
00:56:52 | INFO | Model: LightGBM
00:56:52 | WARN | Earnings streak store failed: No module named 'earnings_streak'
00:56:52 | WARN | Insider store failed: No module named 'insider_signal'
00:56:52 | WARN | Revision store failed: No module named 'analyst_revision'
00:56:52 | INFO | Loaded 2513 cached bars for NVDA
00:56:53 | INFO | Loaded 2513 cached bars for AVGO
00:56:53 | INFO | Loaded 2513 cached bars for AMD
00:56:53 | INFO | Loaded 2513 cached bars for MU
00:56:53 | INFO | Loaded 2513 cached bars for MRVL
00:56:53 | INFO | Loaded 2513 cached bars for QCOM
00:56:53 | INFO | Loaded 2513 cached bars for TXN
00:56:53 | INFO | Loaded 2513 cached bars for INTC
00:56:53 | INFO | Loaded 2513 cached bars for ADI
00:56:53 | INFO | Loaded 2513 cached bars for AMAT
00:56:53 | INFO | Loaded 2513 cached bars for LRCX
00:56:53 | INFO | Loaded 2513 cached bars for KLAC
00:56:53 | INFO | Loaded 2513 cached bars for SMCI
00:56:53 | INFO | Loaded 2513 cached bars for ANET
00:56:54 | INFO | Loaded 623 cached bars for ARM
00:56:54 | INFO | Loaded 2515 cached bars for MPWR
00:56:54 | INFO | Loaded 2515 cached bars for ON
00:56:54 | INFO | Loaded 2515 cached bars for SWKS
00:56:54 | INFO | Loaded 2515 cached bars for NXPI
00:56:54 | INFO | Loaded 2515 cached bars for SNPS
00:56:54 | INFO | Loaded 2515 cached bars for CDNS
00:56:54 | INFO | Loaded 2515 cached bars for STX
00:56:54 | INFO | Loaded 2515 cached bars for WDC
00:56:54 | INFO | Loaded 2513 cached bars for MSFT
00:56:54 | INFO | Loaded 2513 cached bars for META
00:56:54 | INFO | Loaded 2513 cached bars for AMZN
00:56:54 | INFO | Loaded 2513 cached bars for GOOGL
00:56:54 | INFO | Loaded 2513 cached bars for AAPL
00:56:54 | INFO | Loaded 2513 cached bars for TSLA
00:56:54 | INFO | Loaded 1376 cached bars for SNOW
00:56:54 | INFO | Loaded 2107 cached bars for MDB
00:56:54 | INFO | Loaded 1626 cached bars for DDOG
00:56:55 | INFO | Loaded 1630 cached bars for NET
00:56:55 | INFO | Loaded 2513 cached bars for TEAM
00:56:55 | INFO | Loaded 2006 cached bars for ZS
00:56:55 | INFO | Loaded 2513 cached bars for SHOP
00:56:55 | INFO | Loaded 2513 cached bars for NOW
00:56:55 | INFO | Loaded 1695 cached bars for CRWD
00:56:55 | INFO | Loaded 2513 cached bars for PANW
00:56:55 | INFO | Loaded 1366 cached bars for PLTR
00:56:55 | INFO | Loaded 2513 cached bars for ADBE
00:56:55 | INFO | Loaded 2513 cached bars for ORCL
00:56:55 | INFO | Loaded 2513 cached bars for CRM
00:56:55 | INFO | Loaded 2513 cached bars for INTU
00:56:55 | INFO | Loaded 2513 cached bars for WDAY
00:56:55 | INFO | Loaded 2243 cached bars for OKTA
00:56:55 | INFO | Loaded 1978 cached bars for DOCU
00:56:55 | INFO | Loaded 2513 cached bars for HUBS
00:56:55 | INFO | Loaded 2513 cached bars for FTNT
00:56:55 | INFO | Loaded 1107 cached bars for GTLB
00:56:55 | INFO | Loaded 1570 cached bars for BILL
00:56:56 | INFO | Loaded 1181 cached bars for S
00:56:56 | INFO | Loaded 1868 cached bars for ESTC
00:56:56 | INFO | Loaded 1195 cached bars for MNDY
00:56:56 | INFO | Loaded 1123 cached bars for TOST
00:56:56 | INFO | Loaded 2403 cached bars for DELL
00:56:56 | INFO | Loaded 2515 cached bars for HPQ
00:56:56 | INFO | Loaded 2515 cached bars for HPE
00:56:56 | INFO | Loaded 2515 cached bars for PSTG
00:56:56 | INFO | Loaded 2515 cached bars for NTAP
00:56:56 | INFO | Loaded 2515 cached bars for CDW
00:56:56 | INFO | Loaded 2515 cached bars for FFIV
00:56:56 | INFO | Loaded 2515 cached bars for ZBRA
00:56:56 | INFO | Loaded 2515 cached bars for CGNX
00:56:56 | INFO | Loaded 2515 cached bars for TDY
00:56:56 | INFO | Loaded 2515 cached bars for TRMB
00:56:56 | INFO | Loaded 2515 cached bars for NFLX
00:56:56 | INFO | Loaded 1720 cached bars for UBER
00:56:56 | INFO | Loaded 1319 cached bars for ABNB
00:56:57 | INFO | Loaded 1320 cached bars for DASH
00:56:57 | INFO | Loaded 1735 cached bars for PINS
00:56:57 | INFO | Loaded 2271 cached bars for SNAP
00:56:57 | INFO | Loaded 496 cached bars for RDDT
00:56:57 | INFO | Loaded 2382 cached bars for TTD
00:56:57 | INFO | Loaded 2515 cached bars for ZG
00:56:57 | INFO | Loaded 2515 cached bars for IAC
00:56:57 | INFO | Loaded 2515 cached bars for V
00:56:57 | INFO | Loaded 2515 cached bars for MA
00:56:57 | INFO | Loaded 2515 cached bars for PYPL
00:56:57 | INFO | Loaded 1297 cached bars for AFRM
00:56:57 | INFO | Loaded 1315 cached bars for UPST
00:56:57 | INFO | Loaded 1304 cached bars for SOFI
00:56:57 | INFO | Loaded 1068 cached bars for NU
00:56:57 | INFO | Loaded 2515 cached bars for ALLY
00:56:57 | INFO | Loaded 1161 cached bars for HOOD
00:56:57 | INFO | Loaded 1235 cached bars for COIN
00:56:57 | INFO | Loaded 2513 cached bars for JPM
00:56:58 | INFO | Loaded 2513 cached bars for BAC
00:56:58 | INFO | Loaded 2513 cached bars for C
00:56:58 | INFO | Loaded 2513 cached bars for GS
00:56:58 | INFO | Loaded 2513 cached bars for MS
00:56:58 | INFO | Loaded 2513 cached bars for BLK
00:56:58 | INFO | Loaded 2513 cached bars for SCHW
00:56:58 | INFO | Loaded 2513 cached bars for AXP
00:56:58 | INFO | Loaded 2513 cached bars for SPGI
00:56:58 | INFO | Loaded 2513 cached bars for ICE
00:56:58 | INFO | Loaded 2513 cached bars for CME
00:56:58 | INFO | Loaded 2513 cached bars for AIG
00:56:58 | INFO | Loaded 2513 cached bars for CB
00:56:58 | INFO | Loaded 2513 cached bars for PGR
00:56:58 | INFO | Loaded 2513 cached bars for TRV
00:56:58 | INFO | Loaded 2513 cached bars for USB
00:56:58 | INFO | Loaded 2513 cached bars for PNC
00:56:58 | INFO | Loaded 2513 cached bars for TFC
00:56:59 | INFO | Loaded 2513 cached bars for COF
00:56:59 | INFO | Loaded 2513 cached bars for BK
00:56:59 | INFO | Loaded 2515 cached bars for MTB
00:56:59 | INFO | Loaded 2515 cached bars for CFG
00:56:59 | INFO | Loaded 2515 cached bars for HBAN
00:56:59 | INFO | Loaded 2515 cached bars for RF
00:56:59 | INFO | Loaded 2515 cached bars for KEY
00:56:59 | INFO | Loaded 2515 cached bars for FITB
00:56:59 | INFO | Loaded 2515 cached bars for ZION
00:56:59 | INFO | Loaded 2515 cached bars for WAL
00:56:59 | INFO | Loaded 2515 cached bars for MET
00:56:59 | INFO | Loaded 2515 cached bars for PRU
00:56:59 | INFO | Loaded 2515 cached bars for AFL
00:56:59 | INFO | Loaded 2515 cached bars for ALL
00:56:59 | INFO | Loaded 2515 cached bars for HIG
00:56:59 | INFO | Loaded 2515 cached bars for LNC
00:57:00 | INFO | Loaded 2515 cached bars for RJF
00:57:00 | INFO | Loaded 2515 cached bars for LPLA
00:57:00 | INFO | Loaded 2515 cached bars for WTW
00:57:00 | INFO | Loaded 2515 cached bars for AON
00:57:00 | INFO | Loaded 2515 cached bars for AJG
00:57:00 | INFO | Loaded 2515 cached bars for BRO
00:57:00 | INFO | Loaded 2515 cached bars for ERIE
00:57:00 | INFO | Loaded 2515 cached bars for BX
00:57:00 | INFO | Loaded 2515 cached bars for KKR
00:57:00 | INFO | Loaded 2515 cached bars for APO
00:57:00 | INFO | Loaded 2515 cached bars for CG
00:57:00 | INFO | Loaded 2515 cached bars for ARES
00:57:00 | INFO | Loaded 2513 cached bars for UNH
00:57:00 | INFO | Loaded 2513 cached bars for LLY
00:57:00 | INFO | Loaded 2513 cached bars for JNJ
00:57:00 | INFO | Loaded 2513 cached bars for PFE
00:57:01 | INFO | Loaded 2513 cached bars for ABBV
00:57:01 | INFO | Loaded 2513 cached bars for MRK
00:57:01 | INFO | Loaded 2513 cached bars for TMO
00:57:01 | INFO | Loaded 2513 cached bars for ISRG
00:57:01 | INFO | Loaded 2513 cached bars for DHR
00:57:01 | INFO | Loaded 2513 cached bars for ABT
00:57:01 | INFO | Loaded 2513 cached bars for BMY
00:57:01 | INFO | Loaded 2513 cached bars for AMGN
00:57:01 | INFO | Loaded 2513 cached bars for GILD
00:57:01 | INFO | Loaded 2513 cached bars for VRTX
00:57:01 | INFO | Loaded 2513 cached bars for REGN
00:57:01 | INFO | Loaded 2513 cached bars for ZTS
00:57:01 | INFO | Loaded 2513 cached bars for SYK
00:57:01 | INFO | Loaded 2513 cached bars for BSX
00:57:01 | INFO | Loaded 2513 cached bars for MDT
00:57:02 | INFO | Loaded 2513 cached bars for CI
00:57:02 | INFO | Loaded 2515 cached bars for CVS
00:57:02 | INFO | Loaded 2515 cached bars for HUM
00:57:02 | INFO | Loaded 2515 cached bars for CNC
00:57:02 | INFO | Loaded 1825 cached bars for MRNA
00:57:02 | INFO | Loaded 1614 cached bars for BNTX
00:57:02 | INFO | Loaded 2515 cached bars for BIIB
00:57:02 | INFO | Loaded 2515 cached bars for ALNY
00:57:02 | INFO | Loaded 2515 cached bars for INCY
00:57:02 | INFO | Loaded 2515 cached bars for NBIX
00:57:02 | INFO | Loaded 2515 cached bars for JAZZ
00:57:02 | INFO | Loaded 2515 cached bars for EW
00:57:02 | INFO | Loaded 2515 cached bars for HOLX
00:57:02 | INFO | Loaded 2515 cached bars for DXCM
00:57:02 | INFO | Loaded 2515 cached bars for PODD
00:57:03 | INFO | Loaded 2515 cached bars for ALGN
00:57:03 | INFO | Loaded 2515 cached bars for IART
00:57:03 | INFO | Loaded 2515 cached bars for HCA
00:57:03 | INFO | Loaded 2515 cached bars for THC
00:57:03 | INFO | Loaded 2515 cached bars for UHS
00:57:03 | INFO | Loaded 2515 cached bars for LH
00:57:03 | INFO | Loaded 2515 cached bars for DGX
00:57:03 | INFO | Loaded 2515 cached bars for NTRA
00:57:03 | INFO | Loaded 2515 cached bars for VEEV
00:57:03 | INFO | Loaded 1185 cached bars for DOCS
00:57:03 | INFO | Loaded 2513 cached bars for PG
00:57:03 | INFO | Loaded 2513 cached bars for KO
00:57:03 | INFO | Loaded 2513 cached bars for PEP
00:57:03 | INFO | Loaded 2513 cached bars for COST
00:57:03 | INFO | Loaded 2513 cached bars for WMT
00:57:04 | INFO | Loaded 2513 cached bars for PM
00:57:04 | INFO | Loaded 2513 cached bars for MO
00:57:04 | INFO | Loaded 2513 cached bars for CL
00:57:04 | INFO | Loaded 2513 cached bars for KMB
00:57:04 | INFO | Loaded 2513 cached bars for GIS
00:57:04 | INFO | Loaded 2513 cached bars for HSY
00:57:04 | INFO | Loaded 2513 cached bars for EL
00:57:04 | INFO | Loaded 2515 cached bars for MDLZ
00:57:04 | INFO | Loaded 2515 cached bars for CAG
00:57:04 | INFO | Loaded 2515 cached bars for CPB
00:57:04 | INFO | Loaded 2515 cached bars for SJM
00:57:04 | INFO | Loaded 2515 cached bars for HRL
00:57:04 | INFO | Loaded 2515 cached bars for TSN
00:57:04 | INFO | Loaded 2515 cached bars for KHC
00:57:04 | INFO | Loaded 2515 cached bars for MKC
00:57:05 | INFO | Loaded 2515 cached bars for CHD
00:57:05 | INFO | Loaded 2515 cached bars for CLX
00:57:05 | INFO | Loaded 2515 cached bars for KR
00:57:05 | INFO | Loaded 1937 cached bars for BJ
00:57:05 | INFO | Loaded 2515 cached bars for SFM
00:57:05 | INFO | Loaded 2513 cached bars for HD
00:57:05 | INFO | Loaded 2513 cached bars for LOW
00:57:05 | INFO | Loaded 2513 cached bars for NKE
00:57:05 | INFO | Loaded 2513 cached bars for MCD
00:57:05 | INFO | Loaded 2513 cached bars for SBUX
00:57:05 | INFO | Loaded 2513 cached bars for CMG
00:57:05 | INFO | Loaded 2513 cached bars for MAR
00:57:05 | INFO | Loaded 2513 cached bars for BKNG
00:57:05 | INFO | Loaded 2513 cached bars for TJX
00:57:06 | INFO | Loaded 2513 cached bars for ROST
00:57:06 | INFO | Loaded 2513 cached bars for EBAY
00:57:06 | INFO | Loaded 2513 cached bars for ETSY
00:57:06 | INFO | Loaded 2513 cached bars for ULTA
00:57:06 | INFO | Loaded 2515 cached bars for TGT
00:57:06 | INFO | Loaded 2515 cached bars for BBY
00:57:06 | INFO | Loaded 2515 cached bars for ANF
00:57:06 | INFO | Loaded 2515 cached bars for URBN
00:57:06 | INFO | Loaded 2515 cached bars for WSM
00:57:06 | INFO | Loaded 2515 cached bars for RH
00:57:06 | INFO | Loaded 2515 cached bars for BOOT
00:57:06 | INFO | Loaded 1294 cached bars for DRVN
00:57:06 | INFO | Loaded 2515 cached bars for F
00:57:06 | INFO | Loaded 2515 cached bars for GM
00:57:06 | INFO | Loaded 1088 cached bars for RIVN
00:57:07 | INFO | Loaded 2515 cached bars for HOG
00:57:07 | INFO | Loaded 2515 cached bars for POOL
00:57:07 | INFO | Loaded 2515 cached bars for LVS
00:57:07 | INFO | Loaded 2515 cached bars for MGM
00:57:07 | INFO | Loaded 2515 cached bars for WYNN
00:57:07 | INFO | Loaded 2515 cached bars for CZR
00:57:07 | INFO | Loaded 2515 cached bars for PENN
00:57:07 | INFO | Loaded 1668 cached bars for DKNG
00:57:07 | INFO | Loaded 2515 cached bars for DIS
00:57:07 | INFO | Loaded 2515 cached bars for WBD
00:57:07 | INFO | Loaded 2515 cached bars for CNK
00:57:07 | INFO | Loaded 2515 cached bars for IMAX
00:57:07 | INFO | Loaded 2513 cached bars for LMT
00:57:07 | INFO | Loaded 2513 cached bars for BA
00:57:08 | INFO | Loaded 2513 cached bars for RTX
00:57:08 | INFO | Loaded 2513 cached bars for GD
00:57:08 | INFO | Loaded 2513 cached bars for NOC
00:57:08 | INFO | Loaded 2515 cached bars for HII
00:57:08 | INFO | Loaded 2515 cached bars for TXT
00:57:08 | INFO | Loaded 2515 cached bars for KTOS
00:57:08 | INFO | Loaded 1330 cached bars for RKLB
00:57:08 | INFO | Loaded 2513 cached bars for CAT
00:57:08 | INFO | Loaded 2513 cached bars for DE
00:57:08 | INFO | Loaded 2513 cached bars for HON
00:57:08 | INFO | Loaded 2513 cached bars for UPS
00:57:08 | INFO | Loaded 2513 cached bars for FDX
00:57:08 | INFO | Loaded 2513 cached bars for WM
00:57:08 | INFO | Loaded 2513 cached bars for GE
00:57:09 | INFO | Loaded 2513 cached bars for PH
00:57:09 | INFO | Loaded 2513 cached bars for ETN
00:57:09 | INFO | Loaded 2513 cached bars for ITW
00:57:09 | INFO | Loaded 2513 cached bars for EMR
00:57:09 | INFO | Loaded 2513 cached bars for ROK
00:57:09 | INFO | Loaded 2513 cached bars for CSX
00:57:09 | INFO | Loaded 2513 cached bars for UNP
00:57:09 | INFO | Loaded 2513 cached bars for NSC
00:57:09 | INFO | Loaded 2515 cached bars for MMM
00:57:09 | INFO | Loaded 2515 cached bars for DOV
00:57:09 | INFO | Loaded 2221 cached bars for IR
00:57:09 | INFO | Loaded 2515 cached bars for XYL
00:57:09 | INFO | Loaded 2515 cached bars for GNRC
00:57:09 | INFO | Loaded 2515 cached bars for FAST
00:57:10 | INFO | Loaded 2515 cached bars for GWW
00:57:10 | INFO | Loaded 1859 cached bars for MSC
00:57:10 | INFO | Loaded 2515 cached bars for WSO
00:57:10 | INFO | Loaded 2515 cached bars for PWR
00:57:10 | INFO | Loaded 2515 cached bars for PRIM
00:57:10 | INFO | Loaded 2515 cached bars for MTZ
00:57:10 | INFO | Loaded 2515 cached bars for STRL
00:57:10 | INFO | Loaded 2515 cached bars for VMC
00:57:10 | INFO | Loaded 2515 cached bars for MLM
00:57:10 | INFO | Loaded 2515 cached bars for EXP
00:57:10 | INFO | Loaded 2515 cached bars for MAS
00:57:10 | INFO | Loaded 2515 cached bars for TREX
00:57:10 | INFO | Loaded 2515 cached bars for NVR
00:57:10 | INFO | Loaded 2515 cached bars for PHM
00:57:11 | INFO | Loaded 2515 cached bars for DHI
00:57:11 | INFO | Loaded 2515 cached bars for LEN
00:57:11 | INFO | Loaded 2515 cached bars for TOL
00:57:11 | INFO | Loaded 2515 cached bars for KBH
00:57:11 | INFO | Loaded 2515 cached bars for TMHC
00:57:11 | INFO | Loaded 2515 cached bars for SKY
00:57:11 | INFO | Loaded 2515 cached bars for CHRW
00:57:11 | INFO | Loaded 2515 cached bars for EXPD
00:57:11 | INFO | Loaded 2515 cached bars for XPO
00:57:11 | INFO | Loaded 2515 cached bars for ODFL
00:57:11 | INFO | Loaded 2515 cached bars for SAIA
00:57:11 | INFO | Loaded 2515 cached bars for JBHT
00:57:11 | INFO | Loaded 2515 cached bars for KNX
00:57:11 | INFO | Loaded 2515 cached bars for WERN
00:57:12 | INFO | Loaded 2515 cached bars for ARCB
00:57:12 | INFO | Loaded 2515 cached bars for MATX
00:57:12 | INFO | Loaded 1287 cached bars for ZIM
00:57:12 | INFO | Loaded 2513 cached bars for XOM
00:57:12 | INFO | Loaded 2513 cached bars for CVX
00:57:12 | INFO | Loaded 2513 cached bars for COP
00:57:12 | INFO | Loaded 2513 cached bars for EOG
00:57:12 | INFO | Loaded 2513 cached bars for SLB
00:57:12 | INFO | Loaded 2513 cached bars for PSX
00:57:12 | INFO | Loaded 2513 cached bars for VLO
00:57:12 | INFO | Loaded 2513 cached bars for MPC
00:57:12 | INFO | Loaded 2513 cached bars for OXY
00:57:12 | INFO | Loaded 2513 cached bars for HAL
00:57:12 | INFO | Loaded 2515 cached bars for DVN
00:57:13 | INFO | Loaded 2515 cached bars for FANG
00:57:13 | INFO | Loaded 2515 cached bars for APA
00:57:13 | INFO | Loaded 2515 cached bars for KMI
00:57:13 | INFO | Loaded 2515 cached bars for WMB
00:57:13 | INFO | Loaded 2515 cached bars for OKE
00:57:13 | INFO | Loaded 2515 cached bars for EPD
00:57:13 | INFO | Loaded 2515 cached bars for ET
00:57:13 | INFO | Loaded 2515 cached bars for MPLX
00:57:13 | INFO | Loaded 2513 cached bars for NEE
00:57:13 | INFO | Loaded 2369 cached bars for VST
00:57:13 | INFO | Loaded 1038 cached bars for CEG
00:57:13 | INFO | Loaded 2513 cached bars for NRG
00:57:14 | INFO | Loaded 2515 cached bars for AES
00:57:14 | INFO | Loaded 2515 cached bars for CWEN
00:57:14 | INFO | Loaded 2515 cached bars for ENPH
00:57:14 | INFO | Loaded 2515 cached bars for SEDG
00:57:14 | INFO | Loaded 2515 cached bars for FSLR
00:57:14 | INFO | Loaded 1358 cached bars for ARRY
00:57:14 | INFO | Loaded 1919 cached bars for BE
00:57:14 | INFO | Loaded 2515 cached bars for PLUG
00:57:14 | INFO | Loaded 2513 cached bars for DUK
00:57:14 | INFO | Loaded 2513 cached bars for SO
00:57:14 | INFO | Loaded 2513 cached bars for D
00:57:14 | INFO | Loaded 2513 cached bars for EXC
00:57:14 | INFO | Loaded 2513 cached bars for AEP
00:57:15 | INFO | Loaded 2513 cached bars for SRE
00:57:15 | INFO | Loaded 2513 cached bars for PEG
00:57:15 | INFO | Loaded 2515 cached bars for EIX
00:57:15 | INFO | Loaded 2515 cached bars for PCG
00:57:15 | INFO | Loaded 2515 cached bars for PPL
00:57:15 | INFO | Loaded 2515 cached bars for WEC
00:57:15 | INFO | Loaded 2515 cached bars for ES
00:57:15 | INFO | Loaded 2515 cached bars for CNP
00:57:15 | INFO | Loaded 2515 cached bars for CMS
00:57:15 | INFO | Loaded 2515 cached bars for NI
00:57:15 | INFO | Loaded 2515 cached bars for PNW
00:57:15 | INFO | Loaded 2513 cached bars for LIN
00:57:15 | INFO | Loaded 2513 cached bars for APD
00:57:16 | INFO | Loaded 2513 cached bars for NEM
00:57:16 | INFO | Loaded 2513 cached bars for FCX
00:57:16 | INFO | Loaded 2513 cached bars for ECL
00:57:16 | INFO | Loaded 2513 cached bars for SHW
00:57:16 | INFO | Loaded 2513 cached bars for DD
00:57:16 | INFO | Loaded 1754 cached bars for DOW
00:57:16 | INFO | Loaded 2515 cached bars for PPG
00:57:16 | INFO | Loaded 2515 cached bars for RPM
00:57:16 | INFO | Loaded 2515 cached bars for EMN
00:57:16 | INFO | Loaded 2515 cached bars for CE
00:57:16 | INFO | Loaded 2515 cached bars for OLN
00:57:17 | INFO | Loaded 2515 cached bars for AA
00:57:17 | INFO | Loaded 2515 cached bars for NUE
00:57:17 | INFO | Loaded 2515 cached bars for STLD
00:57:17 | INFO | Loaded 2515 cached bars for CMC
00:57:17 | INFO | Loaded 2515 cached bars for ATI
00:57:17 | INFO | Loaded 2515 cached bars for RS
00:57:17 | INFO | Loaded 2515 cached bars for ALB
00:57:17 | INFO | Loaded 1439 cached bars for MP
00:57:17 | INFO | Loaded 2515 cached bars for AVY
00:57:17 | INFO | Loaded 2515 cached bars for PKG
00:57:17 | INFO | Loaded 2515 cached bars for IP
00:57:17 | INFO | Loaded 2515 cached bars for AMCR
00:57:18 | INFO | Loaded 2513 cached bars for EQIX
00:57:18 | INFO | Loaded 2513 cached bars for DLR
00:57:18 | INFO | Loaded 2513 cached bars for AMT
00:57:18 | INFO | Loaded 2513 cached bars for CCI
00:57:18 | INFO | Loaded 2513 cached bars for SBAC
00:57:18 | INFO | Loaded 2513 cached bars for PLD
00:57:18 | INFO | Loaded 2513 cached bars for PSA
00:57:18 | INFO | Loaded 2515 cached bars for SPG
00:57:18 | INFO | Loaded 2515 cached bars for O
00:57:18 | INFO | Loaded 2060 cached bars for VICI
00:57:18 | INFO | Loaded 2515 cached bars for WELL
00:57:18 | INFO | Loaded 2515 cached bars for VTR
00:57:18 | INFO | Loaded 2515 cached bars for EQR
00:57:19 | INFO | Loaded 2515 cached bars for AVB
00:57:19 | INFO | Loaded 2515 cached bars for ESS
00:57:19 | INFO | Loaded 2515 cached bars for MAA
00:57:19 | INFO | Loaded 2515 cached bars for KIM
00:57:19 | INFO | Loaded 2515 cached bars for REG
00:57:19 | INFO | Loaded 2515 cached bars for STAG
00:57:19 | INFO | Loaded 2515 cached bars for EGP
00:57:19 | INFO | Loaded 2515 cached bars for REXR
00:57:19 | INFO | Loaded 1910 cached bars for VRT
00:57:19 | INFO | Loaded 2515 cached bars for NDAQ
00:57:19 | INFO | Loaded 2515 cached bars for MSCI
00:57:19 | INFO | Loaded 2515 cached bars for CBOE
00:57:20 | INFO | Loaded 2515 cached bars for FDS
00:57:20 | INFO | Loaded 2515 cached bars for T
00:57:20 | INFO | Loaded 2515 cached bars for VZ
00:57:20 | INFO | Loaded 2515 cached bars for TMUS
00:57:20 | INFO | Loaded 2515 cached bars for CHTR
00:57:20 | INFO | Loaded 2515 cached bars for CMCSA
00:57:20 | INFO | Loaded 2515 cached bars for LBRDA
00:57:20 | INFO | Loaded 1242 cached bars for APP
00:57:20 | INFO | Loaded 1170 cached bars for DUOL
00:57:20 | INFO | Loaded 3018 cached bars for AXON
00:57:20 | INFO | Loaded 3018 cached bars for CELH
00:57:20 | INFO | Loaded 1377 cached bars for ASAN
00:57:21 | INFO | Loaded 1091 cached bars for BRZE
00:57:21 | INFO | Loaded 3018 cached bars for PCTY
00:57:21 | INFO | Loaded 3004 cached bars for PAYC
00:57:21 | INFO | Loaded 3018 cached bars for ACAD
00:57:21 | INFO | Loaded 3018 cached bars for RARE
00:57:21 | INFO | Loaded 3018 cached bars for IONS
00:57:21 | INFO | Loaded 3018 cached bars for HALO
00:57:21 | INFO | Loaded 3018 cached bars for PRGO
00:57:21 | INFO | Loaded 3018 cached bars for PCRX
00:57:21 | INFO | Loaded 3018 cached bars for OMCL
00:57:21 | INFO | Loaded 1382 cached bars for GDRX
00:57:21 | INFO | Loaded 1233 cached bars for PRVA
00:57:22 | INFO | Loaded 2369 cached bars for IRTC
00:57:22 | INFO | Loaded 1984 cached bars for INSP
00:57:22 | INFO | Loaded 3018 cached bars for TNDM
00:57:22 | INFO | Loaded 2712 cached bars for WING
00:57:22 | INFO | Loaded 3018 cached bars for TXRH
00:57:22 | INFO | Loaded 2804 cached bars for SHAK
00:57:22 | INFO | Loaded 696 cached bars for CAVA
00:57:22 | INFO | Loaded 3018 cached bars for DECK
00:57:22 | INFO | Loaded 3018 cached bars for CROX
00:57:22 | INFO | Loaded 1126 cached bars for WRBY
00:57:22 | INFO | Loaded 1632 cached bars for PTON
00:57:23 | INFO | Loaded 2674 cached bars for PLNT
00:57:23 | INFO | Loaded 3018 cached bars for TDG
00:57:23 | INFO | Loaded 3018 cached bars for WWD
00:57:23 | INFO | Loaded 3018 cached bars for LDOS
00:57:23 | INFO | Loaded 3018 cached bars for SAIC
00:57:23 | INFO | Loaded 3018 cached bars for BAH
00:57:23 | INFO | Loaded 3018 cached bars for AVAV
00:57:23 | INFO | Loaded 3018 cached bars for HEI
00:57:23 | INFO | Loaded 1295 cached bars for SHLS
00:57:23 | INFO | Loaded 1371 cached bars for STEM
00:57:23 | INFO | Loaded 2675 cached bars for RUN
00:57:23 | INFO | Loaded 1288 cached bars for AMR
00:57:23 | INFO | Loaded 2297 cached bars for METC
00:57:24 | INFO | Loaded 443 symbols
00:57:24 | INFO | === Horizon 3d ===
00:57:24 | INFO | Loaded 2513 cached bars for SPY
00:57:52 | INFO | 2020: train=2015-2019 (100,274 rows) | test=2020 (63,663 rows)
00:57:52 | INFO | Using LightGBM (horizon=3d)
00:57:56 | INFO | 2020 OOS: RMSE=0.2837  IC=0.0257
00:57:56 | INFO | Saved cross_sectional_ranker_3d_2020.joblib
00:57:56 | INFO | 2021: train=2016-2020 (163,937 rows) | test=2021 (64,342 rows)
00:57:57 | INFO | Using LightGBM (horizon=3d)
00:58:03 | INFO | 2021 OOS: RMSE=0.2757  IC=-0.0157
00:58:03 | INFO | Saved cross_sectional_ranker_3d_2021.joblib
00:58:03 | INFO | 2022: train=2017-2021 (227,605 rows) | test=2022 (64,878 rows)
00:58:04 | INFO | Using LightGBM (horizon=3d)
00:58:11 | INFO | 2022 OOS: RMSE=0.2765  IC=0.0180
00:58:11 | INFO | Saved cross_sectional_ranker_3d_2022.joblib
00:58:12 | INFO | 2023: train=2018-2022 (290,322 rows) | test=2023 (66,190 rows)
00:58:13 | INFO | Using LightGBM (horizon=3d)
00:58:22 | INFO | 2023 OOS: RMSE=0.2772  IC=-0.0048
00:58:22 | INFO | Saved cross_sectional_ranker_3d_2023.joblib
00:58:23 | INFO | 2024: train=2019-2023 (321,245 rows) | test=2024 (68,267 rows)
00:58:24 | INFO | Using LightGBM (horizon=3d)
00:58:34 | INFO | 2024 OOS: RMSE=0.2778  IC=0.0223
00:58:34 | INFO | Saved cross_sectional_ranker_3d_2024.joblib
00:58:34 | INFO | 2025: train=2020-2024 (327,340 rows) | test=2025 (68,038 rows)
00:58:36 | INFO | Using LightGBM (horizon=3d)
00:58:45 | INFO | 2025 OOS: RMSE=0.2784  IC=0.0544
00:58:45 | INFO | Saved cross_sectional_ranker_3d_2025.joblib
00:58:45 | INFO | Updated live model cross_sectional_ranker_3d.joblib from 2025 vintage
00:58:45 | INFO | === Horizon 5d ===
00:58:45 | INFO | Loaded 2513 cached bars for SPY
00:59:15 | INFO | 2020: train=2015-2019 (100,274 rows) | test=2020 (63,663 rows)
00:59:15 | INFO | Using LightGBM (horizon=5d)
00:59:19 | INFO | 2020 OOS: RMSE=0.2808  IC=0.0482
00:59:19 | INFO | Saved cross_sectional_ranker_5d_2020.joblib
00:59:19 | INFO | 2021: train=2016-2020 (163,937 rows) | test=2021 (64,342 rows)
00:59:20 | INFO | Using LightGBM (horizon=5d)
00:59:25 | INFO | 2021 OOS: RMSE=0.2755  IC=-0.0180
00:59:25 | INFO | Saved cross_sectional_ranker_5d_2021.joblib
00:59:26 | INFO | 2022: train=2017-2021 (227,605 rows) | test=2022 (64,878 rows)
00:59:26 | INFO | Using LightGBM (horizon=5d)
00:59:33 | INFO | 2022 OOS: RMSE=0.2767  IC=0.0269
00:59:33 | INFO | Saved cross_sectional_ranker_5d_2022.joblib
00:59:34 | INFO | 2023: train=2018-2022 (290,322 rows) | test=2023 (66,190 rows)
00:59:34 | INFO | Using LightGBM (horizon=5d)
00:59:43 | INFO | 2023 OOS: RMSE=0.2790  IC=0.0044
00:59:43 | INFO | Saved cross_sectional_ranker_5d_2023.joblib
00:59:43 | INFO | 2024: train=2019-2023 (321,245 rows) | test=2024 (68,267 rows)
00:59:44 | INFO | Using LightGBM (horizon=5d)
00:59:53 | INFO | 2024 OOS: RMSE=0.2780  IC=0.0217
00:59:53 | INFO | Saved cross_sectional_ranker_5d_2024.joblib
00:59:54 | INFO | 2025: train=2020-2024 (327,340 rows) | test=2025 (68,038 rows)
00:59:55 | INFO | Using LightGBM (horizon=5d)
01:00:04 | INFO | 2025 OOS: RMSE=0.2788  IC=0.0531
01:00:04 | INFO | Saved cross_sectional_ranker_5d_2025.joblib
01:00:04 | INFO | Updated live model cross_sectional_ranker_5d.joblib from 2025 vintage
01:00:04 | INFO | === Horizon 7d ===
01:00:04 | INFO | Loaded 2513 cached bars for SPY
01:00:35 | INFO | 2020: train=2015-2019 (100,274 rows) | test=2020 (63,663 rows)
01:00:35 | INFO | Using LightGBM (horizon=7d)
01:00:40 | INFO | 2020 OOS: RMSE=0.2824  IC=0.0383
01:00:40 | INFO | Saved cross_sectional_ranker_7d_2020.joblib
01:00:40 | INFO | 2021: train=2016-2020 (163,937 rows) | test=2021 (64,342 rows)
01:00:40 | INFO | Using LightGBM (horizon=7d)
01:00:47 | INFO | 2021 OOS: RMSE=0.2759  IC=-0.0140
01:00:47 | INFO | Saved cross_sectional_ranker_7d_2021.joblib
01:00:47 | INFO | 2022: train=2017-2021 (227,605 rows) | test=2022 (64,878 rows)
01:00:48 | INFO | Using LightGBM (horizon=7d)
01:00:55 | INFO | 2022 OOS: RMSE=0.2757  IC=0.0305
01:00:55 | INFO | Saved cross_sectional_ranker_7d_2022.joblib
01:00:55 | INFO | 2023: train=2018-2022 (290,322 rows) | test=2023 (66,190 rows)
01:00:57 | INFO | Using LightGBM (horizon=7d)
01:01:07 | INFO | 2023 OOS: RMSE=0.2799  IC=-0.0144
01:01:07 | INFO | Saved cross_sectional_ranker_7d_2023.joblib
01:01:07 | INFO | 2024: train=2019-2023 (321,245 rows) | test=2024 (68,267 rows)
01:01:08 | INFO | Using LightGBM (horizon=7d)
01:01:19 | INFO | 2024 OOS: RMSE=0.2776  IC=0.0279
01:01:19 | INFO | Saved cross_sectional_ranker_7d_2024.joblib
01:01:20 | INFO | 2025: train=2020-2024 (327,340 rows) | test=2025 (68,038 rows)
01:01:21 | INFO | Using LightGBM (horizon=7d)
01:01:32 | INFO | 2025 OOS: RMSE=0.2785  IC=0.0724
01:01:32 | INFO | Saved cross_sectional_ranker_7d_2025.joblib
01:01:32 | INFO | Updated live model cross_sectional_ranker_7d.joblib from 2025 vintage
01:01:32 | INFO | Rolling retrain complete.
