21:30:06 | INFO | Rolling walk-forward retrain
21:30:06 | INFO | Universe: 443 stocks
21:30:06 | INFO | Model: LightGBM
21:30:06 | WARN | Earnings streak store failed: No module named 'earnings_streak'
21:30:06 | WARN | Insider store failed: No module named 'insider_signal'
21:30:06 | WARN | Revision store failed: No module named 'analyst_revision'
21:30:06 | INFO | Loaded 2513 cached bars for NVDA
21:30:07 | INFO | Loaded 2513 cached bars for AVGO
21:30:07 | INFO | Loaded 2513 cached bars for AMD
21:30:07 | INFO | Loaded 2513 cached bars for MU
21:30:07 | INFO | Loaded 2513 cached bars for MRVL
21:30:07 | INFO | Loaded 2513 cached bars for QCOM
21:30:07 | INFO | Loaded 2513 cached bars for TXN
21:30:07 | INFO | Loaded 2513 cached bars for INTC
21:30:07 | INFO | Loaded 2513 cached bars for ADI
21:30:07 | INFO | Loaded 2513 cached bars for AMAT
21:30:07 | INFO | Loaded 2513 cached bars for LRCX
21:30:07 | INFO | Loaded 2513 cached bars for KLAC
21:30:07 | INFO | Loaded 2513 cached bars for SMCI
21:30:07 | INFO | Loaded 2513 cached bars for ANET
21:30:07 | INFO | Loaded 623 cached bars for ARM
21:30:07 | INFO | Loaded 2515 cached bars for MPWR
21:30:08 | INFO | Loaded 2515 cached bars for ON
21:30:08 | INFO | Loaded 2515 cached bars for SWKS
21:30:08 | INFO | Loaded 2515 cached bars for NXPI
21:30:08 | INFO | Loaded 2515 cached bars for SNPS
21:30:08 | INFO | Loaded 2515 cached bars for CDNS
21:30:08 | INFO | Loaded 2515 cached bars for STX
21:30:08 | INFO | Loaded 2515 cached bars for WDC
21:30:08 | INFO | Loaded 2513 cached bars for MSFT
21:30:08 | INFO | Loaded 2513 cached bars for META
21:30:08 | INFO | Loaded 2513 cached bars for AMZN
21:30:08 | INFO | Loaded 2513 cached bars for GOOGL
21:30:08 | INFO | Loaded 2513 cached bars for AAPL
21:30:08 | INFO | Loaded 2513 cached bars for TSLA
21:30:08 | INFO | Loaded 1376 cached bars for SNOW
21:30:08 | INFO | Loaded 2107 cached bars for MDB
21:30:08 | INFO | Loaded 1626 cached bars for DDOG
21:30:08 | INFO | Loaded 1630 cached bars for NET
21:30:08 | INFO | Loaded 2513 cached bars for TEAM
21:30:08 | INFO | Loaded 2006 cached bars for ZS
21:30:09 | INFO | Loaded 2513 cached bars for SHOP
21:30:09 | INFO | Loaded 2513 cached bars for NOW
21:30:09 | INFO | Loaded 1695 cached bars for CRWD
21:30:09 | INFO | Loaded 2513 cached bars for PANW
21:30:09 | INFO | Loaded 1366 cached bars for PLTR
21:30:09 | INFO | Loaded 2513 cached bars for ADBE
21:30:09 | INFO | Loaded 2513 cached bars for ORCL
21:30:09 | INFO | Loaded 2513 cached bars for CRM
21:30:09 | INFO | Loaded 2513 cached bars for INTU
21:30:09 | INFO | Loaded 2513 cached bars for WDAY
21:30:09 | INFO | Loaded 2243 cached bars for OKTA
21:30:09 | INFO | Loaded 1978 cached bars for DOCU
21:30:09 | INFO | Loaded 2513 cached bars for HUBS
21:30:09 | INFO | Loaded 2513 cached bars for FTNT
21:30:09 | INFO | Loaded 1107 cached bars for GTLB
21:30:09 | INFO | Loaded 1570 cached bars for BILL
21:30:09 | INFO | Loaded 1181 cached bars for S
21:30:09 | INFO | Loaded 1868 cached bars for ESTC
21:30:10 | INFO | Loaded 1195 cached bars for MNDY
21:30:10 | INFO | Loaded 1123 cached bars for TOST
21:30:10 | INFO | Loaded 2403 cached bars for DELL
21:30:10 | INFO | Loaded 2515 cached bars for HPQ
21:30:10 | INFO | Loaded 2515 cached bars for HPE
21:30:10 | INFO | Loaded 2515 cached bars for PSTG
21:30:10 | INFO | Loaded 2515 cached bars for NTAP
21:30:10 | INFO | Loaded 2515 cached bars for CDW
21:30:10 | INFO | Loaded 2515 cached bars for FFIV
21:30:10 | INFO | Loaded 2515 cached bars for ZBRA
21:30:10 | INFO | Loaded 2515 cached bars for CGNX
21:30:10 | INFO | Loaded 2515 cached bars for TDY
21:30:10 | INFO | Loaded 2515 cached bars for TRMB
21:30:10 | INFO | Loaded 2515 cached bars for NFLX
21:30:10 | INFO | Loaded 1720 cached bars for UBER
21:30:10 | INFO | Loaded 1319 cached bars for ABNB
21:30:10 | INFO | Loaded 1320 cached bars for DASH
21:30:10 | INFO | Loaded 1735 cached bars for PINS
21:30:11 | INFO | Loaded 2271 cached bars for SNAP
21:30:11 | INFO | Loaded 496 cached bars for RDDT
21:30:11 | INFO | Loaded 2382 cached bars for TTD
21:30:11 | INFO | Loaded 2515 cached bars for ZG
21:30:11 | INFO | Loaded 2515 cached bars for IAC
21:30:11 | INFO | Loaded 2515 cached bars for V
21:30:11 | INFO | Loaded 2515 cached bars for MA
21:30:11 | INFO | Loaded 2515 cached bars for PYPL
21:30:11 | INFO | Loaded 1297 cached bars for AFRM
21:30:11 | INFO | Loaded 1315 cached bars for UPST
21:30:11 | INFO | Loaded 1304 cached bars for SOFI
21:30:11 | INFO | Loaded 1068 cached bars for NU
21:30:11 | INFO | Loaded 2515 cached bars for ALLY
21:30:11 | INFO | Loaded 1161 cached bars for HOOD
21:30:11 | INFO | Loaded 1235 cached bars for COIN
21:30:11 | INFO | Loaded 2513 cached bars for JPM
21:30:11 | INFO | Loaded 2513 cached bars for BAC
21:30:11 | INFO | Loaded 2513 cached bars for C
21:30:12 | INFO | Loaded 2513 cached bars for GS
21:30:12 | INFO | Loaded 2513 cached bars for MS
21:30:12 | INFO | Loaded 2513 cached bars for BLK
21:30:12 | INFO | Loaded 2513 cached bars for SCHW
21:30:12 | INFO | Loaded 2513 cached bars for AXP
21:30:12 | INFO | Loaded 2513 cached bars for SPGI
21:30:12 | INFO | Loaded 2513 cached bars for ICE
21:30:12 | INFO | Loaded 2513 cached bars for CME
21:30:12 | INFO | Loaded 2513 cached bars for AIG
21:30:12 | INFO | Loaded 2513 cached bars for CB
21:30:12 | INFO | Loaded 2513 cached bars for PGR
21:30:12 | INFO | Loaded 2513 cached bars for TRV
21:30:12 | INFO | Loaded 2513 cached bars for USB
21:30:12 | INFO | Loaded 2513 cached bars for PNC
21:30:12 | INFO | Loaded 2513 cached bars for TFC
21:30:12 | INFO | Loaded 2513 cached bars for COF
21:30:12 | INFO | Loaded 2513 cached bars for BK
21:30:13 | INFO | Loaded 2515 cached bars for MTB
21:30:13 | INFO | Loaded 2515 cached bars for CFG
21:30:13 | INFO | Loaded 2515 cached bars for HBAN
21:30:13 | INFO | Loaded 2515 cached bars for RF
21:30:13 | INFO | Loaded 2515 cached bars for KEY
21:30:13 | INFO | Loaded 2515 cached bars for FITB
21:30:13 | INFO | Loaded 2515 cached bars for ZION
21:30:13 | INFO | Loaded 2515 cached bars for WAL
21:30:13 | INFO | Loaded 2515 cached bars for MET
21:30:13 | INFO | Loaded 2515 cached bars for PRU
21:30:13 | INFO | Loaded 2515 cached bars for AFL
21:30:13 | INFO | Loaded 2515 cached bars for ALL
21:30:13 | INFO | Loaded 2515 cached bars for HIG
21:30:13 | INFO | Loaded 2515 cached bars for LNC
21:30:13 | INFO | Loaded 2515 cached bars for RJF
21:30:13 | INFO | Loaded 2515 cached bars for LPLA
21:30:13 | INFO | Loaded 2515 cached bars for WTW
21:30:14 | INFO | Loaded 2515 cached bars for AON
21:30:14 | INFO | Loaded 2515 cached bars for AJG
21:30:14 | INFO | Loaded 2515 cached bars for BRO
21:30:14 | INFO | Loaded 2515 cached bars for ERIE
21:30:14 | INFO | Loaded 2515 cached bars for BX
21:30:14 | INFO | Loaded 2515 cached bars for KKR
21:30:14 | INFO | Loaded 2515 cached bars for APO
21:30:14 | INFO | Loaded 2515 cached bars for CG
21:30:14 | INFO | Loaded 2515 cached bars for ARES
21:30:14 | INFO | Loaded 2513 cached bars for UNH
21:30:14 | INFO | Loaded 2513 cached bars for LLY
21:30:14 | INFO | Loaded 2513 cached bars for JNJ
21:30:14 | INFO | Loaded 2513 cached bars for PFE
21:30:14 | INFO | Loaded 2513 cached bars for ABBV
21:30:14 | INFO | Loaded 2513 cached bars for MRK
21:30:14 | INFO | Loaded 2513 cached bars for TMO
21:30:15 | INFO | Loaded 2513 cached bars for ISRG
21:30:15 | INFO | Loaded 2513 cached bars for DHR
21:30:15 | INFO | Loaded 2513 cached bars for ABT
21:30:15 | INFO | Loaded 2513 cached bars for BMY
21:30:15 | INFO | Loaded 2513 cached bars for AMGN
21:30:15 | INFO | Loaded 2513 cached bars for GILD
21:30:15 | INFO | Loaded 2513 cached bars for VRTX
21:30:15 | INFO | Loaded 2513 cached bars for REGN
21:30:15 | INFO | Loaded 2513 cached bars for ZTS
21:30:15 | INFO | Loaded 2513 cached bars for SYK
21:30:15 | INFO | Loaded 2513 cached bars for BSX
21:30:15 | INFO | Loaded 2513 cached bars for MDT
21:30:15 | INFO | Loaded 2513 cached bars for CI
21:30:15 | INFO | Loaded 2515 cached bars for CVS
21:30:15 | INFO | Loaded 2515 cached bars for HUM
21:30:16 | INFO | Loaded 2515 cached bars for CNC
21:30:16 | INFO | Loaded 1825 cached bars for MRNA
21:30:16 | INFO | Loaded 1614 cached bars for BNTX
21:30:16 | INFO | Loaded 2515 cached bars for BIIB
21:30:16 | INFO | Loaded 2515 cached bars for ALNY
21:30:16 | INFO | Loaded 2515 cached bars for INCY
21:30:16 | INFO | Loaded 2515 cached bars for NBIX
21:30:16 | INFO | Loaded 2515 cached bars for JAZZ
21:30:16 | INFO | Loaded 2515 cached bars for EW
21:30:16 | INFO | Loaded 2515 cached bars for HOLX
21:30:16 | INFO | Loaded 2515 cached bars for DXCM
21:30:16 | INFO | Loaded 2515 cached bars for PODD
21:30:16 | INFO | Loaded 2515 cached bars for ALGN
21:30:16 | INFO | Loaded 2515 cached bars for IART
21:30:16 | INFO | Loaded 2515 cached bars for HCA
21:30:17 | INFO | Loaded 2515 cached bars for THC
21:30:17 | INFO | Loaded 2515 cached bars for UHS
21:30:17 | INFO | Loaded 2515 cached bars for LH
21:30:17 | INFO | Loaded 2515 cached bars for DGX
21:30:17 | INFO | Loaded 2515 cached bars for NTRA
21:30:17 | INFO | Loaded 2515 cached bars for VEEV
21:30:17 | INFO | Loaded 1185 cached bars for DOCS
21:30:17 | INFO | Loaded 2513 cached bars for PG
21:30:17 | INFO | Loaded 2513 cached bars for KO
21:30:17 | INFO | Loaded 2513 cached bars for PEP
21:30:17 | INFO | Loaded 2513 cached bars for COST
21:30:17 | INFO | Loaded 2513 cached bars for WMT
21:30:17 | INFO | Loaded 2513 cached bars for PM
21:30:17 | INFO | Loaded 2513 cached bars for MO
21:30:17 | INFO | Loaded 2513 cached bars for CL
21:30:17 | INFO | Loaded 2513 cached bars for KMB
21:30:18 | INFO | Loaded 2513 cached bars for GIS
21:30:18 | INFO | Loaded 2513 cached bars for HSY
21:30:18 | INFO | Loaded 2513 cached bars for EL
21:30:18 | INFO | Loaded 2515 cached bars for MDLZ
21:30:18 | INFO | Loaded 2515 cached bars for CAG
21:30:18 | INFO | Loaded 2515 cached bars for CPB
21:30:18 | INFO | Loaded 2515 cached bars for SJM
21:30:18 | INFO | Loaded 2515 cached bars for HRL
21:30:18 | INFO | Loaded 2515 cached bars for TSN
21:30:18 | INFO | Loaded 2515 cached bars for KHC
21:30:18 | INFO | Loaded 2515 cached bars for MKC
21:30:18 | INFO | Loaded 2515 cached bars for CHD
21:30:18 | INFO | Loaded 2515 cached bars for CLX
21:30:18 | INFO | Loaded 2515 cached bars for KR
21:30:18 | INFO | Loaded 1937 cached bars for BJ
21:30:19 | INFO | Loaded 2515 cached bars for SFM
21:30:19 | INFO | Loaded 2513 cached bars for HD
21:30:19 | INFO | Loaded 2513 cached bars for LOW
21:30:19 | INFO | Loaded 2513 cached bars for NKE
21:30:19 | INFO | Loaded 2513 cached bars for MCD
21:30:19 | INFO | Loaded 2513 cached bars for SBUX
21:30:19 | INFO | Loaded 2513 cached bars for CMG
21:30:19 | INFO | Loaded 2513 cached bars for MAR
21:30:19 | INFO | Loaded 2513 cached bars for BKNG
21:30:19 | INFO | Loaded 2513 cached bars for TJX
21:30:19 | INFO | Loaded 2513 cached bars for ROST
21:30:19 | INFO | Loaded 2513 cached bars for EBAY
21:30:19 | INFO | Loaded 2513 cached bars for ETSY
21:30:19 | INFO | Loaded 2513 cached bars for ULTA
21:30:19 | INFO | Loaded 2515 cached bars for TGT
21:30:20 | INFO | Loaded 2515 cached bars for BBY
21:30:20 | INFO | Loaded 2515 cached bars for ANF
21:30:20 | INFO | Loaded 2515 cached bars for URBN
21:30:20 | INFO | Loaded 2515 cached bars for WSM
21:30:20 | INFO | Loaded 2515 cached bars for RH
21:30:20 | INFO | Loaded 2515 cached bars for BOOT
21:30:20 | INFO | Loaded 1294 cached bars for DRVN
21:30:20 | INFO | Loaded 2515 cached bars for F
21:30:20 | INFO | Loaded 2515 cached bars for GM
21:30:20 | INFO | Loaded 1088 cached bars for RIVN
21:30:20 | INFO | Loaded 2515 cached bars for HOG
21:30:20 | INFO | Loaded 2515 cached bars for POOL
21:30:20 | INFO | Loaded 2515 cached bars for LVS
21:30:20 | INFO | Loaded 2515 cached bars for MGM
21:30:21 | INFO | Loaded 2515 cached bars for WYNN
21:30:21 | INFO | Loaded 2515 cached bars for CZR
21:30:21 | INFO | Loaded 2515 cached bars for PENN
21:30:21 | INFO | Loaded 1668 cached bars for DKNG
21:30:21 | INFO | Loaded 2515 cached bars for DIS
21:30:21 | INFO | Loaded 2515 cached bars for WBD
21:30:21 | INFO | Loaded 2515 cached bars for CNK
21:30:21 | INFO | Loaded 2515 cached bars for IMAX
21:30:21 | INFO | Loaded 2513 cached bars for LMT
21:30:21 | INFO | Loaded 2513 cached bars for BA
21:30:21 | INFO | Loaded 2513 cached bars for RTX
21:30:21 | INFO | Loaded 2513 cached bars for GD
21:30:21 | INFO | Loaded 2513 cached bars for NOC
21:30:21 | INFO | Loaded 2515 cached bars for HII
21:30:21 | INFO | Loaded 2515 cached bars for TXT
21:30:22 | INFO | Loaded 2515 cached bars for KTOS
21:30:22 | INFO | Loaded 1330 cached bars for RKLB
21:30:22 | INFO | Loaded 2513 cached bars for CAT
21:30:22 | INFO | Loaded 2513 cached bars for DE
21:30:22 | INFO | Loaded 2513 cached bars for HON
21:30:22 | INFO | Loaded 2513 cached bars for UPS
21:30:22 | INFO | Loaded 2513 cached bars for FDX
21:30:22 | INFO | Loaded 2513 cached bars for WM
21:30:22 | INFO | Loaded 2513 cached bars for GE
21:30:22 | INFO | Loaded 2513 cached bars for PH
21:30:22 | INFO | Loaded 2513 cached bars for ETN
21:30:22 | INFO | Loaded 2513 cached bars for ITW
21:30:22 | INFO | Loaded 2513 cached bars for EMR
21:30:22 | INFO | Loaded 2513 cached bars for ROK
21:30:23 | INFO | Loaded 2513 cached bars for CSX
21:30:23 | INFO | Loaded 2513 cached bars for UNP
21:30:23 | INFO | Loaded 2513 cached bars for NSC
21:30:23 | INFO | Loaded 2515 cached bars for MMM
21:30:23 | INFO | Loaded 2515 cached bars for DOV
21:30:23 | INFO | Loaded 2221 cached bars for IR
21:30:23 | INFO | Loaded 2515 cached bars for XYL
21:30:23 | INFO | Loaded 2515 cached bars for GNRC
21:30:23 | INFO | Loaded 2515 cached bars for FAST
21:30:23 | INFO | Loaded 2515 cached bars for GWW
21:30:23 | INFO | Loaded 1859 cached bars for MSC
21:30:23 | INFO | Loaded 2515 cached bars for WSO
21:30:23 | INFO | Loaded 2515 cached bars for PWR
21:30:23 | INFO | Loaded 2515 cached bars for PRIM
21:30:24 | INFO | Loaded 2515 cached bars for MTZ
21:30:24 | INFO | Loaded 2515 cached bars for STRL
21:30:24 | INFO | Loaded 2515 cached bars for VMC
21:30:24 | INFO | Loaded 2515 cached bars for MLM
21:30:24 | INFO | Loaded 2515 cached bars for EXP
21:30:24 | INFO | Loaded 2515 cached bars for MAS
21:30:24 | INFO | Loaded 2515 cached bars for TREX
21:30:24 | INFO | Loaded 2515 cached bars for NVR
21:30:24 | INFO | Loaded 2515 cached bars for PHM
21:30:24 | INFO | Loaded 2515 cached bars for DHI
21:30:24 | INFO | Loaded 2515 cached bars for LEN
21:30:24 | INFO | Loaded 2515 cached bars for TOL
21:30:24 | INFO | Loaded 2515 cached bars for KBH
21:30:24 | INFO | Loaded 2515 cached bars for TMHC
21:30:24 | INFO | Loaded 2515 cached bars for SKY
21:30:25 | INFO | Loaded 2515 cached bars for CHRW
21:30:25 | INFO | Loaded 2515 cached bars for EXPD
21:30:25 | INFO | Loaded 2515 cached bars for XPO
21:30:25 | INFO | Loaded 2515 cached bars for ODFL
21:30:25 | INFO | Loaded 2515 cached bars for SAIA
21:30:25 | INFO | Loaded 2515 cached bars for JBHT
21:30:25 | INFO | Loaded 2515 cached bars for KNX
21:30:25 | INFO | Loaded 2515 cached bars for WERN
21:30:25 | INFO | Loaded 2515 cached bars for ARCB
21:30:25 | INFO | Loaded 2515 cached bars for MATX
21:30:25 | INFO | Loaded 1287 cached bars for ZIM
21:30:25 | INFO | Loaded 2513 cached bars for XOM
21:30:25 | INFO | Loaded 2513 cached bars for CVX
21:30:25 | INFO | Loaded 2513 cached bars for COP
21:30:26 | INFO | Loaded 2513 cached bars for EOG
21:30:26 | INFO | Loaded 2513 cached bars for SLB
21:30:26 | INFO | Loaded 2513 cached bars for PSX
21:30:26 | INFO | Loaded 2513 cached bars for VLO
21:30:26 | INFO | Loaded 2513 cached bars for MPC
21:30:26 | INFO | Loaded 2513 cached bars for OXY
21:30:26 | INFO | Loaded 2513 cached bars for HAL
21:30:26 | INFO | Loaded 2515 cached bars for DVN
21:30:26 | INFO | Loaded 2515 cached bars for FANG
21:30:26 | INFO | Loaded 2515 cached bars for APA
21:30:26 | INFO | Loaded 2515 cached bars for KMI
21:30:26 | INFO | Loaded 2515 cached bars for WMB
21:30:26 | INFO | Loaded 2515 cached bars for OKE
21:30:27 | INFO | Loaded 2515 cached bars for EPD
21:30:27 | INFO | Loaded 2515 cached bars for ET
21:30:27 | INFO | Loaded 2515 cached bars for MPLX
21:30:27 | INFO | Loaded 2513 cached bars for NEE
21:30:27 | INFO | Loaded 2369 cached bars for VST
21:30:27 | INFO | Loaded 1038 cached bars for CEG
21:30:27 | INFO | Loaded 2513 cached bars for NRG
21:30:27 | INFO | Loaded 2515 cached bars for AES
21:30:27 | INFO | Loaded 2515 cached bars for CWEN
21:30:27 | INFO | Loaded 2515 cached bars for ENPH
21:30:27 | INFO | Loaded 2515 cached bars for SEDG
21:30:27 | INFO | Loaded 2515 cached bars for FSLR
21:30:27 | INFO | Loaded 1358 cached bars for ARRY
21:30:28 | INFO | Loaded 1919 cached bars for BE
21:30:28 | INFO | Loaded 2515 cached bars for PLUG
21:30:28 | INFO | Loaded 2513 cached bars for DUK
21:30:28 | INFO | Loaded 2513 cached bars for SO
21:30:28 | INFO | Loaded 2513 cached bars for D
21:30:28 | INFO | Loaded 2513 cached bars for EXC
21:30:28 | INFO | Loaded 2513 cached bars for AEP
21:30:28 | INFO | Loaded 2513 cached bars for SRE
21:30:28 | INFO | Loaded 2513 cached bars for PEG
21:30:28 | INFO | Loaded 2515 cached bars for EIX
21:30:28 | INFO | Loaded 2515 cached bars for PCG
21:30:28 | INFO | Loaded 2515 cached bars for PPL
21:30:28 | INFO | Loaded 2515 cached bars for WEC
21:30:29 | INFO | Loaded 2515 cached bars for ES
21:30:29 | INFO | Loaded 2515 cached bars for CNP
21:30:29 | INFO | Loaded 2515 cached bars for CMS
21:30:29 | INFO | Loaded 2515 cached bars for NI
21:30:29 | INFO | Loaded 2515 cached bars for PNW
21:30:29 | INFO | Loaded 2513 cached bars for LIN
21:30:29 | INFO | Loaded 2513 cached bars for APD
21:30:29 | INFO | Loaded 2513 cached bars for NEM
21:30:29 | INFO | Loaded 2513 cached bars for FCX
21:30:29 | INFO | Loaded 2513 cached bars for ECL
21:30:29 | INFO | Loaded 2513 cached bars for SHW
21:30:29 | INFO | Loaded 2513 cached bars for DD
21:30:29 | INFO | Loaded 1754 cached bars for DOW
21:30:30 | INFO | Loaded 2515 cached bars for PPG
21:30:30 | INFO | Loaded 2515 cached bars for RPM
21:30:30 | INFO | Loaded 2515 cached bars for EMN
21:30:30 | INFO | Loaded 2515 cached bars for CE
21:30:30 | INFO | Loaded 2515 cached bars for OLN
21:30:30 | INFO | Loaded 2515 cached bars for AA
21:30:30 | INFO | Loaded 2515 cached bars for NUE
21:30:30 | INFO | Loaded 2515 cached bars for STLD
21:30:30 | INFO | Loaded 2515 cached bars for CMC
21:30:30 | INFO | Loaded 2515 cached bars for ATI
21:30:30 | INFO | Loaded 2515 cached bars for RS
21:30:30 | INFO | Loaded 2515 cached bars for ALB
21:30:31 | INFO | Loaded 1439 cached bars for MP
21:30:31 | INFO | Loaded 2515 cached bars for AVY
21:30:31 | INFO | Loaded 2515 cached bars for PKG
21:30:31 | INFO | Loaded 2515 cached bars for IP
21:30:31 | INFO | Loaded 2515 cached bars for AMCR
21:30:31 | INFO | Loaded 2513 cached bars for EQIX
21:30:31 | INFO | Loaded 2513 cached bars for DLR
21:30:31 | INFO | Loaded 2513 cached bars for AMT
21:30:31 | INFO | Loaded 2513 cached bars for CCI
21:30:31 | INFO | Loaded 2513 cached bars for SBAC
21:30:31 | INFO | Loaded 2513 cached bars for PLD
21:30:31 | INFO | Loaded 2513 cached bars for PSA
21:30:32 | INFO | Loaded 2515 cached bars for SPG
21:30:32 | INFO | Loaded 2515 cached bars for O
21:30:32 | INFO | Loaded 2060 cached bars for VICI
21:30:32 | INFO | Loaded 2515 cached bars for WELL
21:30:32 | INFO | Loaded 2515 cached bars for VTR
21:30:32 | INFO | Loaded 2515 cached bars for EQR
21:30:32 | INFO | Loaded 2515 cached bars for AVB
21:30:32 | INFO | Loaded 2515 cached bars for ESS
21:30:32 | INFO | Loaded 2515 cached bars for MAA
21:30:32 | INFO | Loaded 2515 cached bars for KIM
21:30:32 | INFO | Loaded 2515 cached bars for REG
21:30:32 | INFO | Loaded 2515 cached bars for STAG
21:30:32 | INFO | Loaded 2515 cached bars for EGP
21:30:33 | INFO | Loaded 2515 cached bars for REXR
21:30:33 | INFO | Loaded 1910 cached bars for VRT
21:30:33 | INFO | Loaded 2515 cached bars for NDAQ
21:30:33 | INFO | Loaded 2515 cached bars for MSCI
21:30:33 | INFO | Loaded 2515 cached bars for CBOE
21:30:33 | INFO | Loaded 2515 cached bars for FDS
21:30:33 | INFO | Loaded 2515 cached bars for T
21:30:33 | INFO | Loaded 2515 cached bars for VZ
21:30:33 | INFO | Loaded 2515 cached bars for TMUS
21:30:33 | INFO | Loaded 2515 cached bars for CHTR
21:30:33 | INFO | Loaded 2515 cached bars for CMCSA
21:30:33 | INFO | Loaded 2515 cached bars for LBRDA
21:30:34 | INFO | Loaded 1242 cached bars for APP
21:30:34 | INFO | Loaded 1170 cached bars for DUOL
21:30:34 | INFO | Loaded 3018 cached bars for AXON
21:30:34 | INFO | Loaded 3018 cached bars for CELH
21:30:34 | INFO | Loaded 1377 cached bars for ASAN
21:30:34 | INFO | Loaded 1091 cached bars for BRZE
21:30:34 | INFO | Loaded 3018 cached bars for PCTY
21:30:34 | INFO | Loaded 3004 cached bars for PAYC
21:30:34 | INFO | Loaded 3018 cached bars for ACAD
21:30:34 | INFO | Loaded 3018 cached bars for RARE
21:30:34 | INFO | Loaded 3018 cached bars for IONS
21:30:34 | INFO | Loaded 3018 cached bars for HALO
21:30:34 | INFO | Loaded 3018 cached bars for PRGO
21:30:35 | INFO | Loaded 3018 cached bars for PCRX
21:30:35 | INFO | Loaded 3018 cached bars for OMCL
21:30:35 | INFO | Loaded 1382 cached bars for GDRX
21:30:35 | INFO | Loaded 1233 cached bars for PRVA
21:30:35 | INFO | Loaded 2369 cached bars for IRTC
21:30:35 | INFO | Loaded 1984 cached bars for INSP
21:30:35 | INFO | Loaded 3018 cached bars for TNDM
21:30:35 | INFO | Loaded 2712 cached bars for WING
21:30:35 | INFO | Loaded 3018 cached bars for TXRH
21:30:35 | INFO | Loaded 2804 cached bars for SHAK
21:30:35 | INFO | Loaded 696 cached bars for CAVA
21:30:36 | INFO | Loaded 3018 cached bars for DECK
21:30:36 | INFO | Loaded 3018 cached bars for CROX
21:30:36 | INFO | Loaded 1126 cached bars for WRBY
21:30:36 | INFO | Loaded 1632 cached bars for PTON
21:30:36 | INFO | Loaded 2674 cached bars for PLNT
21:30:36 | INFO | Loaded 3018 cached bars for TDG
21:30:36 | INFO | Loaded 3018 cached bars for WWD
21:30:36 | INFO | Loaded 3018 cached bars for LDOS
21:30:36 | INFO | Loaded 3018 cached bars for SAIC
21:30:36 | INFO | Loaded 3018 cached bars for BAH
21:30:36 | INFO | Loaded 3018 cached bars for AVAV
21:30:36 | INFO | Loaded 3018 cached bars for HEI
21:30:36 | INFO | Loaded 1295 cached bars for SHLS
21:30:37 | INFO | Loaded 1371 cached bars for STEM
21:30:37 | INFO | Loaded 2675 cached bars for RUN
21:30:37 | INFO | Loaded 1288 cached bars for AMR
21:30:37 | INFO | Loaded 2297 cached bars for METC
21:30:37 | INFO | Loaded 443 symbols
21:30:37 | INFO | === Horizon 3d ===
21:30:37 | INFO | Loaded 2513 cached bars for SPY
21:31:07 | INFO | 2020: train=2015-2019 (100,274 rows) | test=2020 (63,663 rows)
21:31:07 | INFO | Using LightGBM (horizon=3d)
21:31:11 | INFO | 2020 OOS: RMSE=0.2853  IC=0.0248
21:31:11 | INFO | Saved cross_sectional_ranker_3d_2020.joblib
21:31:11 | INFO | 2021: train=2016-2020 (163,937 rows) | test=2021 (64,342 rows)
21:31:12 | INFO | Using LightGBM (horizon=3d)
21:31:18 | INFO | 2021 OOS: RMSE=0.2758  IC=-0.0184
21:31:18 | INFO | Saved cross_sectional_ranker_3d_2021.joblib
21:31:18 | INFO | 2022: train=2017-2021 (227,605 rows) | test=2022 (64,878 rows)
21:31:19 | INFO | Using LightGBM (horizon=3d)
21:31:26 | INFO | 2022 OOS: RMSE=0.2763  IC=0.0205
21:31:26 | INFO | Saved cross_sectional_ranker_3d_2022.joblib
21:31:27 | INFO | 2023: train=2018-2022 (290,322 rows) | test=2023 (66,190 rows)
21:31:28 | INFO | Using LightGBM (horizon=3d)
21:31:36 | INFO | 2023 OOS: RMSE=0.2774  IC=-0.0087
21:31:36 | INFO | Saved cross_sectional_ranker_3d_2023.joblib
21:31:36 | INFO | 2024: train=2019-2023 (321,245 rows) | test=2024 (68,267 rows)
21:31:38 | INFO | Using LightGBM (horizon=3d)
21:31:47 | INFO | 2024 OOS: RMSE=0.2778  IC=0.0259
21:31:47 | INFO | Saved cross_sectional_ranker_3d_2024.joblib
21:31:47 | INFO | 2025: train=2020-2024 (327,340 rows) | test=2025 (68,038 rows)
21:31:49 | INFO | Using LightGBM (horizon=3d)
21:31:58 | INFO | 2025 OOS: RMSE=0.2783  IC=0.0580
21:31:58 | INFO | Saved cross_sectional_ranker_3d_2025.joblib
21:31:58 | INFO | Updated live model cross_sectional_ranker_3d.joblib from 2025 vintage
21:31:58 | INFO | === Horizon 5d ===
21:31:58 | INFO | Loaded 2513 cached bars for SPY
21:32:27 | INFO | 2020: train=2015-2019 (100,274 rows) | test=2020 (63,663 rows)
21:32:27 | INFO | Using LightGBM (horizon=5d)
21:32:32 | INFO | 2020 OOS: RMSE=0.2809  IC=0.0473
21:32:32 | INFO | Saved cross_sectional_ranker_5d_2020.joblib
21:32:32 | INFO | 2021: train=2016-2020 (163,937 rows) | test=2021 (64,342 rows)
21:32:32 | INFO | Using LightGBM (horizon=5d)
21:32:38 | INFO | 2021 OOS: RMSE=0.2757  IC=-0.0174
21:32:38 | INFO | Saved cross_sectional_ranker_5d_2021.joblib
21:32:38 | INFO | 2022: train=2017-2021 (227,605 rows) | test=2022 (64,878 rows)
21:32:39 | INFO | Using LightGBM (horizon=5d)
21:32:46 | INFO | 2022 OOS: RMSE=0.2764  IC=0.0263
21:32:46 | INFO | Saved cross_sectional_ranker_5d_2022.joblib
21:32:46 | INFO | 2023: train=2018-2022 (290,322 rows) | test=2023 (66,190 rows)
21:32:47 | INFO | Using LightGBM (horizon=5d)
21:32:56 | INFO | 2023 OOS: RMSE=0.2790  IC=-0.0015
21:32:56 | INFO | Saved cross_sectional_ranker_5d_2023.joblib
21:32:56 | INFO | 2024: train=2019-2023 (321,245 rows) | test=2024 (68,267 rows)
21:32:57 | INFO | Using LightGBM (horizon=5d)
21:33:06 | INFO | 2024 OOS: RMSE=0.2780  IC=0.0257
21:33:06 | INFO | Saved cross_sectional_ranker_5d_2024.joblib
21:33:07 | INFO | 2025: train=2020-2024 (327,340 rows) | test=2025 (68,038 rows)
21:33:08 | INFO | Using LightGBM (horizon=5d)
21:33:17 | INFO | 2025 OOS: RMSE=0.2788  IC=0.0523
21:33:17 | INFO | Saved cross_sectional_ranker_5d_2025.joblib
21:33:17 | INFO | Updated live model cross_sectional_ranker_5d.joblib from 2025 vintage
21:33:17 | INFO | === Horizon 7d ===
21:33:17 | INFO | Loaded 2513 cached bars for SPY
21:33:50 | INFO | 2020: train=2015-2019 (100,274 rows) | test=2020 (63,663 rows)
21:33:50 | INFO | Using LightGBM (horizon=7d)
21:33:54 | INFO | 2020 OOS: RMSE=0.2817  IC=0.0424
21:33:54 | INFO | Saved cross_sectional_ranker_7d_2020.joblib
21:33:54 | INFO | 2021: train=2016-2020 (163,937 rows) | test=2021 (64,342 rows)
21:33:55 | INFO | Using LightGBM (horizon=7d)
21:34:01 | INFO | 2021 OOS: RMSE=0.2753  IC=-0.0112
21:34:01 | INFO | Saved cross_sectional_ranker_7d_2021.joblib
21:34:01 | INFO | 2022: train=2017-2021 (227,605 rows) | test=2022 (64,878 rows)
21:34:01 | INFO | Using LightGBM (horizon=7d)
21:34:09 | INFO | 2022 OOS: RMSE=0.2758  IC=0.0222
21:34:09 | INFO | Saved cross_sectional_ranker_7d_2022.joblib
21:34:09 | INFO | 2023: train=2018-2022 (290,322 rows) | test=2023 (66,190 rows)
21:34:10 | INFO | Using LightGBM (horizon=7d)
21:34:19 | INFO | 2023 OOS: RMSE=0.2796  IC=-0.0065
21:34:19 | INFO | Saved cross_sectional_ranker_7d_2023.joblib
21:34:19 | INFO | 2024: train=2019-2023 (321,245 rows) | test=2024 (68,267 rows)
21:34:20 | INFO | Using LightGBM (horizon=7d)
21:34:29 | INFO | 2024 OOS: RMSE=0.2775  IC=0.0316
21:34:29 | INFO | Saved cross_sectional_ranker_7d_2024.joblib
21:34:29 | INFO | 2025: train=2020-2024 (327,340 rows) | test=2025 (68,038 rows)
21:34:30 | INFO | Using LightGBM (horizon=7d)
21:34:40 | INFO | 2025 OOS: RMSE=0.2784  IC=0.0742
21:34:40 | INFO | Saved cross_sectional_ranker_7d_2025.joblib
21:34:41 | INFO | Updated live model cross_sectional_ranker_7d.joblib from 2025 vintage
21:34:41 | INFO | Rolling retrain complete.
