Not first Sunday — skipping retrain
Starting monthly retrain Sun Apr  5 02:04:28 EDT 2026
Feature cache cleared
02:04:31 | INFO | Rolling walk-forward retrain
02:04:31 | INFO | Universe: 443 stocks
02:04:31 | INFO | Model: LightGBM
02:04:33 | INFO | Earnings streak store: 441 symbols
02:04:53 | INFO | Insider store: 213 symbols with buy data
02:04:54 | INFO | Revision store: 441 symbols
02:04:54 | INFO | Loaded 2513 cached bars for NVDA
/opt/homebrew/lib/python3.11/site-packages/joblib/externals/loky/backend/context.py:131: UserWarning: Could not find the number of physical cores for the following reason:
[Errno 2] No such file or directory: 'sysctl'
Returning the number of logical cores instead. You can silence this warning by setting LOKY_MAX_CPU_COUNT to the number of cores you want to use.
  warnings.warn(
  File "/opt/homebrew/lib/python3.11/site-packages/joblib/externals/loky/backend/context.py", line 249, in _count_physical_cores
    cpu_count_physical = _count_physical_cores_darwin()
                         ^^^^^^^^^^^^^^^^^^^^^^^^^^^^^^
  File "/opt/homebrew/lib/python3.11/site-packages/joblib/externals/loky/backend/context.py", line 312, in _count_physical_cores_darwin
    cpu_info = subprocess.run(
               ^^^^^^^^^^^^^^^
  File "/opt/homebrew/Cellar/python@3.11/3.11.15/Frameworks/Python.framework/Versions/3.11/lib/python3.11/subprocess.py", line 548, in run
    with Popen(*popenargs, **kwargs) as process:
         ^^^^^^^^^^^^^^^^^^^^^^^^^^^
  File "/opt/homebrew/Cellar/python@3.11/3.11.15/Frameworks/Python.framework/Versions/3.11/lib/python3.11/subprocess.py", line 1026, in __init__
    self._execute_child(args, executable, preexec_fn, close_fds,
  File "/opt/homebrew/Cellar/python@3.11/3.11.15/Frameworks/Python.framework/Versions/3.11/lib/python3.11/subprocess.py", line 1955, in _execute_child
    raise child_exception_type(errno_num, err_msg, err_filename)
02:08:25 | INFO | Loaded 2513 cached bars for AVGO
02:22:32 | INFO | Loaded 2513 cached bars for AMD
02:23:28 | INFO | Loaded 2513 cached bars for MU
02:24:21 | INFO | Loaded 2513 cached bars for MRVL
02:25:13 | INFO | Loaded 2513 cached bars for QCOM
02:26:04 | INFO | Loaded 2513 cached bars for TXN
02:26:55 | INFO | Loaded 2513 cached bars for INTC
02:27:46 | INFO | Loaded 2513 cached bars for ADI
02:28:48 | INFO | Loaded 2513 cached bars for AMAT
02:29:54 | INFO | Loaded 2513 cached bars for LRCX
02:30:46 | INFO | Loaded 2513 cached bars for KLAC
02:31:38 | INFO | Loaded 2513 cached bars for SMCI
02:32:34 | INFO | Loaded 2513 cached bars for ANET
02:33:30 | INFO | Loaded 623 cached bars for ARM
02:33:44 | INFO | Loaded 2515 cached bars for MPWR
02:34:34 | INFO | Loaded 2515 cached bars for ON
02:35:23 | INFO | Loaded 2515 cached bars for SWKS
02:35:26 | INFO | Loaded 2515 cached bars for NXPI
02:36:32 | INFO | Loaded 2515 cached bars for SNPS
02:37:22 | INFO | Loaded 2515 cached bars for CDNS
02:38:52 | INFO | Loaded 2515 cached bars for STX
02:38:55 | INFO | Loaded 2515 cached bars for WDC
02:38:58 | INFO | Loaded 2513 cached bars for MSFT
02:39:58 | INFO | Loaded 2513 cached bars for META
02:40:35 | INFO | Loaded 2513 cached bars for AMZN
02:41:31 | INFO | Loaded 2513 cached bars for GOOGL
02:42:07 | INFO | Loaded 2513 cached bars for AAPL
02:43:01 | INFO | Loaded 2513 cached bars for TSLA
02:43:56 | INFO | Loaded 1376 cached bars for SNOW
02:44:27 | INFO | Loaded 2107 cached bars for MDB
02:45:13 | INFO | Loaded 1626 cached bars for DDOG
02:45:58 | INFO | Loaded 1630 cached bars for NET
02:46:41 | INFO | Loaded 2513 cached bars for TEAM
02:47:42 | INFO | Loaded 2006 cached bars for ZS
02:48:31 | INFO | Loaded 2513 cached bars for SHOP
02:49:30 | INFO | Loaded 2513 cached bars for NOW
02:50:28 | INFO | Loaded 1695 cached bars for CRWD
02:51:06 | INFO | Loaded 2513 cached bars for PANW
02:52:13 | INFO | Loaded 1366 cached bars for PLTR
02:52:51 | INFO | Loaded 2513 cached bars for ADBE
02:53:54 | INFO | Loaded 2513 cached bars for ORCL
02:54:52 | INFO | Loaded 2513 cached bars for CRM
02:57:29 | INFO | Loaded 2513 cached bars for INTU
02:58:41 | INFO | Loaded 2513 cached bars for WDAY
02:58:44 | INFO | Loaded 2243 cached bars for OKTA
02:58:47 | INFO | Loaded 1978 cached bars for DOCU
02:58:50 | INFO | Loaded 2513 cached bars for HUBS
02:58:54 | INFO | Loaded 2513 cached bars for FTNT
03:10:48 | INFO | Loaded 1107 cached bars for GTLB
03:11:14 | INFO | Loaded 1570 cached bars for BILL
03:12:10 | INFO | Loaded 1181 cached bars for S
03:12:38 | INFO | Loaded 1868 cached bars for ESTC
03:13:50 | INFO | Loaded 1195 cached bars for MNDY
03:14:24 | INFO | Loaded 1123 cached bars for TOST
03:14:54 | INFO | Loaded 2403 cached bars for DELL
03:15:47 | INFO | Loaded 2515 cached bars for HPQ
03:33:12 | INFO | Loaded 2515 cached bars for HPE
03:49:18 | INFO | Loaded 2515 cached bars for PSTG
04:05:21 | INFO | Loaded 2515 cached bars for NTAP
04:21:16 | INFO | Loaded 2515 cached bars for CDW
04:37:27 | INFO | Loaded 2515 cached bars for FFIV
04:38:29 | INFO | Loaded 2515 cached bars for ZBRA
04:55:21 | INFO | Loaded 2515 cached bars for CGNX
05:11:42 | INFO | Loaded 2515 cached bars for TDY
05:12:38 | INFO | Loaded 2515 cached bars for TRMB
05:15:45 | INFO | Loaded 2515 cached bars for NFLX
05:30:50 | INFO | Loaded 1720 cached bars for UBER
05:47:21 | INFO | Loaded 1319 cached bars for ABNB
05:47:55 | INFO | Loaded 1320 cached bars for DASH
05:48:33 | INFO | Loaded 1735 cached bars for PINS
06:05:57 | INFO | Loaded 2271 cached bars for SNAP
06:06:35 | INFO | Loaded 496 cached bars for RDDT
06:06:45 | INFO | Loaded 2382 cached bars for TTD
06:16:50 | INFO | Loaded 2515 cached bars for ZG
06:16:53 | INFO | Loaded 2515 cached bars for IAC
06:17:42 | INFO | Loaded 2515 cached bars for V
06:35:48 | INFO | Loaded 2515 cached bars for MA
06:36:51 | INFO | Loaded 2515 cached bars for PYPL
06:37:53 | INFO | Loaded 1297 cached bars for AFRM
06:38:25 | INFO | Loaded 1315 cached bars for UPST
06:38:58 | INFO | Loaded 1304 cached bars for SOFI
06:39:31 | INFO | Loaded 1068 cached bars for NU
06:39:58 | INFO | Loaded 2515 cached bars for ALLY
06:41:02 | INFO | Loaded 1161 cached bars for HOOD
06:41:31 | INFO | Loaded 1235 cached bars for COIN
06:42:02 | INFO | Loaded 2513 cached bars for JPM
06:43:04 | INFO | Loaded 2513 cached bars for BAC
06:44:06 | INFO | Loaded 2513 cached bars for C
06:45:08 | INFO | Loaded 2513 cached bars for GS
06:46:11 | INFO | Loaded 2513 cached bars for MS
06:47:13 | INFO | Loaded 2513 cached bars for BLK
06:48:15 | INFO | Loaded 2513 cached bars for SCHW
06:49:16 | INFO | Loaded 2513 cached bars for AXP
06:50:19 | INFO | Loaded 2513 cached bars for SPGI
06:51:22 | INFO | Loaded 2513 cached bars for ICE
06:52:25 | INFO | Loaded 2513 cached bars for CME
06:53:30 | INFO | Loaded 2513 cached bars for AIG
06:54:32 | INFO | Loaded 2513 cached bars for CB
06:55:35 | INFO | Loaded 2513 cached bars for PGR
06:56:37 | INFO | Loaded 2513 cached bars for TRV
06:57:40 | INFO | Loaded 2513 cached bars for USB
06:58:42 | INFO | Loaded 2513 cached bars for PNC
06:59:44 | INFO | Loaded 2513 cached bars for TFC
07:00:45 | INFO | Loaded 2513 cached bars for COF
07:01:48 | INFO | Loaded 2513 cached bars for BK
07:02:50 | INFO | Loaded 2515 cached bars for MTB
07:03:52 | INFO | Loaded 2515 cached bars for CFG
07:04:53 | INFO | Loaded 2515 cached bars for HBAN
07:05:56 | INFO | Loaded 2515 cached bars for RF
07:06:59 | INFO | Loaded 2515 cached bars for KEY
07:08:01 | INFO | Loaded 2515 cached bars for FITB
07:09:04 | INFO | Loaded 2515 cached bars for ZION
07:10:06 | INFO | Loaded 2515 cached bars for WAL
07:11:08 | INFO | Loaded 2515 cached bars for MET
07:12:09 | INFO | Loaded 2515 cached bars for PRU
07:13:12 | INFO | Loaded 2515 cached bars for AFL
07:14:13 | INFO | Loaded 2515 cached bars for ALL
07:15:15 | INFO | Loaded 2515 cached bars for HIG
07:16:16 | INFO | Loaded 2515 cached bars for LNC
07:17:18 | INFO | Loaded 2515 cached bars for RJF
07:18:20 | INFO | Loaded 2515 cached bars for LPLA
07:19:21 | INFO | Loaded 2515 cached bars for WTW
07:20:23 | INFO | Loaded 2515 cached bars for AON
07:21:26 | INFO | Loaded 2515 cached bars for AJG
07:22:28 | INFO | Loaded 2515 cached bars for BRO
07:23:31 | INFO | Loaded 2515 cached bars for ERIE
07:24:32 | INFO | Loaded 2515 cached bars for BX
07:25:33 | INFO | Loaded 2515 cached bars for KKR
07:26:36 | INFO | Loaded 2515 cached bars for APO
07:27:38 | INFO | Loaded 2515 cached bars for CG
07:28:40 | INFO | Loaded 2515 cached bars for ARES
07:29:42 | INFO | Loaded 2513 cached bars for UNH
07:30:44 | INFO | Loaded 2513 cached bars for LLY
07:31:47 | INFO | Loaded 2513 cached bars for JNJ
07:32:49 | INFO | Loaded 2513 cached bars for PFE
07:33:51 | INFO | Loaded 2513 cached bars for ABBV
07:34:53 | INFO | Loaded 2513 cached bars for MRK
07:35:56 | INFO | Loaded 2513 cached bars for TMO
07:36:54 | INFO | Loaded 2513 cached bars for ISRG
07:53:03 | INFO | Loaded 2513 cached bars for DHR
07:54:07 | INFO | Loaded 2513 cached bars for ABT
08:10:08 | INFO | Loaded 2513 cached bars for BMY
08:18:14 | INFO | Loaded 2513 cached bars for AMGN
08:19:20 | INFO | Loaded 2513 cached bars for GILD
08:20:25 | INFO | Loaded 2513 cached bars for VRTX
08:21:31 | INFO | Loaded 2513 cached bars for REGN
08:22:34 | INFO | Loaded 2513 cached bars for ZTS
08:23:39 | INFO | Loaded 2513 cached bars for SYK
08:24:42 | INFO | Loaded 2513 cached bars for BSX
08:25:44 | INFO | Loaded 2513 cached bars for MDT
08:26:46 | INFO | Loaded 2513 cached bars for CI
08:27:50 | INFO | Loaded 2515 cached bars for CVS
08:28:52 | INFO | Loaded 2515 cached bars for HUM
08:29:55 | INFO | Loaded 2515 cached bars for CNC
08:30:58 | INFO | Loaded 1825 cached bars for MRNA
08:31:49 | INFO | Loaded 1614 cached bars for BNTX
08:32:29 | INFO | Loaded 2515 cached bars for BIIB
08:33:32 | INFO | Loaded 2515 cached bars for ALNY
08:34:35 | INFO | Loaded 2515 cached bars for INCY
08:35:36 | INFO | Loaded 2515 cached bars for NBIX
08:36:38 | INFO | Loaded 2515 cached bars for JAZZ
08:37:39 | INFO | Loaded 2515 cached bars for EW
08:38:41 | INFO | Loaded 2515 cached bars for HOLX
08:39:43 | INFO | Loaded 2515 cached bars for DXCM
08:40:45 | INFO | Loaded 2515 cached bars for PODD
08:41:47 | INFO | Loaded 2515 cached bars for ALGN
08:42:50 | INFO | Loaded 2515 cached bars for IART
08:42:54 | INFO | Loaded 2515 cached bars for HCA
08:43:56 | INFO | Loaded 2515 cached bars for THC
08:44:58 | INFO | Loaded 2515 cached bars for UHS
08:46:01 | INFO | Loaded 2515 cached bars for LH
08:47:05 | INFO | Loaded 2515 cached bars for DGX
08:48:08 | INFO | Loaded 2515 cached bars for NTRA
08:49:09 | INFO | Loaded 2515 cached bars for VEEV
08:50:11 | INFO | Loaded 1185 cached bars for DOCS
08:50:40 | INFO | Loaded 2513 cached bars for PG
08:51:42 | INFO | Loaded 2513 cached bars for KO
08:52:47 | INFO | Loaded 2513 cached bars for PEP
08:53:51 | INFO | Loaded 2513 cached bars for COST
08:55:16 | INFO | Loaded 2513 cached bars for WMT
08:56:21 | INFO | Loaded 2513 cached bars for PM
08:57:18 | INFO | Loaded 2513 cached bars for MO
09:12:23 | INFO | Loaded 2513 cached bars for CL
09:13:32 | INFO | Loaded 2513 cached bars for KMB
09:14:31 | INFO | Loaded 2513 cached bars for GIS
09:20:43 | INFO | Loaded 2513 cached bars for HSY
09:38:06 | INFO | Loaded 2513 cached bars for EL
09:50:40 | INFO | Loaded 2515 cached bars for MDLZ
09:51:36 | INFO | Loaded 2515 cached bars for CAG
10:17:15 | INFO | Loaded 2515 cached bars for CPB
10:18:08 | INFO | Loaded 2515 cached bars for SJM
11:24:10 | INFO | Loaded 2515 cached bars for HRL
11:25:18 | INFO | Loaded 2515 cached bars for TSN
11:26:10 | INFO | Loaded 2515 cached bars for KHC
12:56:38 | INFO | Loaded 2515 cached bars for MKC
12:57:45 | INFO | Loaded 2515 cached bars for CHD
13:15:57 | INFO | Loaded 2515 cached bars for CLX
13:20:28 | INFO | Loaded 2515 cached bars for KR
13:24:15 | INFO | Loaded 1937 cached bars for BJ
13:27:43 | INFO | Loaded 2515 cached bars for SFM
14:01:39 | INFO | Loaded 2513 cached bars for HD
14:04:33 | INFO | Loaded 2513 cached bars for LOW
14:07:25 | INFO | Loaded 2513 cached bars for NKE
14:09:45 | INFO | Loaded 2513 cached bars for MCD
14:12:02 | INFO | Loaded 2513 cached bars for SBUX
14:13:54 | INFO | Loaded 2513 cached bars for CMG
14:43:46 | INFO | Loaded 2513 cached bars for MAR
14:45:08 | INFO | Loaded 2513 cached bars for BKNG
14:46:30 | INFO | Loaded 2513 cached bars for TJX
15:39:17 | INFO | Loaded 2513 cached bars for ROST
15:40:25 | INFO | Loaded 2513 cached bars for EBAY
15:41:56 | INFO | Loaded 2513 cached bars for ETSY
16:58:16 | INFO | Loaded 2513 cached bars for ULTA
17:00:05 | INFO | Loaded 2515 cached bars for TGT
17:01:02 | INFO | Loaded 2515 cached bars for BBY
17:01:59 | INFO | Loaded 2515 cached bars for ANF
17:02:56 | INFO | Loaded 2515 cached bars for URBN
17:03:51 | INFO | Loaded 2515 cached bars for WSM
17:04:46 | INFO | Loaded 2515 cached bars for RH
17:05:43 | INFO | Loaded 2515 cached bars for BOOT
17:06:39 | INFO | Loaded 1294 cached bars for DRVN
17:07:09 | INFO | Loaded 2515 cached bars for F
17:08:09 | INFO | Loaded 2515 cached bars for GM
17:09:06 | INFO | Loaded 1088 cached bars for RIVN
17:09:32 | INFO | Loaded 2515 cached bars for HOG
17:10:29 | INFO | Loaded 2515 cached bars for POOL
17:11:24 | INFO | Loaded 2515 cached bars for LVS
17:12:20 | INFO | Loaded 2515 cached bars for MGM
17:13:16 | INFO | Loaded 2515 cached bars for WYNN
17:14:12 | INFO | Loaded 2515 cached bars for CZR
17:15:09 | INFO | Loaded 2515 cached bars for PENN
17:16:04 | INFO | Loaded 1668 cached bars for DKNG
17:16:40 | INFO | Loaded 2515 cached bars for DIS
17:17:33 | INFO | Loaded 2515 cached bars for WBD
17:18:29 | INFO | Loaded 2515 cached bars for CNK
17:19:25 | INFO | Loaded 2515 cached bars for IMAX
17:20:23 | INFO | Loaded 2513 cached bars for LMT
17:21:23 | INFO | Loaded 2513 cached bars for BA
17:22:19 | INFO | Loaded 2513 cached bars for RTX
17:23:17 | INFO | Loaded 2513 cached bars for GD
17:24:09 | INFO | Loaded 2513 cached bars for NOC
17:25:05 | INFO | Loaded 2515 cached bars for HII
17:25:58 | INFO | Loaded 2515 cached bars for TXT
17:26:55 | INFO | Loaded 2515 cached bars for KTOS
17:27:54 | INFO | Loaded 1330 cached bars for RKLB
17:28:22 | INFO | Loaded 2513 cached bars for CAT
17:29:22 | INFO | Loaded 2513 cached bars for DE
17:30:19 | INFO | Loaded 2513 cached bars for HON
17:31:15 | INFO | Loaded 2513 cached bars for UPS
17:32:11 | INFO | Loaded 2513 cached bars for FDX
17:33:06 | INFO | Loaded 2513 cached bars for WM
17:33:58 | INFO | Loaded 2513 cached bars for GE
17:34:50 | INFO | Loaded 2513 cached bars for PH
17:35:45 | INFO | Loaded 2513 cached bars for ETN
17:36:35 | INFO | Loaded 2513 cached bars for ITW
17:37:25 | INFO | Loaded 2513 cached bars for EMR
17:41:02 | INFO | Loaded 2513 cached bars for ROK
18:01:29 | INFO | Loaded 2513 cached bars for CSX
18:06:28 | INFO | Loaded 2513 cached bars for UNP
18:55:23 | INFO | Loaded 2513 cached bars for NSC
19:19:15 | INFO | Loaded 2515 cached bars for MMM
19:22:45 | INFO | Loaded 2515 cached bars for DOV
19:26:36 | INFO | Loaded 2221 cached bars for IR
19:27:25 | INFO | Loaded 2515 cached bars for XYL
19:28:25 | INFO | Loaded 2515 cached bars for GNRC
19:31:31 | INFO | Loaded 2515 cached bars for FAST
19:36:51 | INFO | Loaded 2515 cached bars for GWW
19:37:42 | INFO | Loaded 1859 cached bars for MSC
19:38:20 | INFO | Loaded 2515 cached bars for WSO
19:40:08 | INFO | Loaded 2515 cached bars for PWR
19:40:58 | INFO | Loaded 2515 cached bars for PRIM
19:50:55 | INFO | Loaded 2515 cached bars for MTZ
20:06:45 | INFO | Loaded 2515 cached bars for STRL
20:12:29 | INFO | Loaded 2515 cached bars for VMC
20:12:32 | INFO | Loaded 2515 cached bars for MLM
20:15:15 | INFO | Loaded 2515 cached bars for EXP
20:15:19 | INFO | Loaded 2515 cached bars for MAS
20:15:23 | INFO | Loaded 2515 cached bars for TREX
20:15:26 | INFO | Loaded 2515 cached bars for NVR
20:15:29 | INFO | Loaded 2515 cached bars for PHM
20:17:04 | INFO | Loaded 2515 cached bars for DHI
20:17:06 | INFO | Loaded 2515 cached bars for LEN
20:17:13 | INFO | Loaded 2515 cached bars for TOL
20:17:16 | INFO | Loaded 2515 cached bars for KBH
20:28:44 | INFO | Loaded 2515 cached bars for TMHC
20:28:46 | INFO | Loaded 2515 cached bars for SKY
20:28:49 | INFO | Loaded 2515 cached bars for CHRW
20:36:46 | INFO | Loaded 2515 cached bars for EXPD
20:39:17 | INFO | Loaded 2515 cached bars for XPO
20:52:48 | INFO | Loaded 2515 cached bars for ODFL
20:54:22 | INFO | Loaded 2515 cached bars for SAIA
21:12:01 | INFO | Loaded 2515 cached bars for JBHT
21:20:12 | INFO | Loaded 2515 cached bars for KNX
21:29:07 | INFO | Loaded 2515 cached bars for WERN
21:29:14 | INFO | Loaded 2515 cached bars for ARCB
21:29:17 | INFO | Loaded 2515 cached bars for MATX
21:29:20 | INFO | Loaded 1287 cached bars for ZIM
21:29:22 | INFO | Loaded 2513 cached bars for XOM
21:31:07 | INFO | Loaded 2513 cached bars for CVX
21:32:00 | INFO | Loaded 2513 cached bars for COP
21:33:04 | INFO | Loaded 2513 cached bars for EOG
21:33:52 | INFO | Loaded 2513 cached bars for SLB
21:34:55 | INFO | Loaded 2513 cached bars for PSX
21:39:12 | INFO | Loaded 2513 cached bars for VLO
21:40:21 | INFO | Loaded 2513 cached bars for MPC
21:41:50 | INFO | Loaded 2513 cached bars for OXY
21:44:00 | INFO | Loaded 2513 cached bars for HAL
21:44:49 | INFO | Loaded 2515 cached bars for DVN
21:46:09 | INFO | Loaded 2515 cached bars for FANG
21:48:24 | INFO | Loaded 2515 cached bars for APA
21:49:16 | INFO | Loaded 2515 cached bars for KMI
21:51:50 | INFO | Loaded 2515 cached bars for WMB
21:58:17 | INFO | Loaded 2515 cached bars for OKE
22:03:12 | INFO | Loaded 2515 cached bars for EPD
22:04:06 | INFO | Loaded 2515 cached bars for ET
22:35:38 | INFO | Loaded 2515 cached bars for MPLX
22:39:22 | INFO | Loaded 2513 cached bars for NEE
22:40:16 | INFO | Loaded 2369 cached bars for VST
22:41:15 | INFO | Loaded 1038 cached bars for CEG
22:41:38 | INFO | Loaded 2513 cached bars for NRG
23:01:21 | INFO | Loaded 2515 cached bars for AES
23:02:23 | INFO | Loaded 2515 cached bars for CWEN
23:04:28 | INFO | Loaded 2515 cached bars for ENPH
23:05:37 | INFO | Loaded 2515 cached bars for SEDG
23:14:28 | INFO | Loaded 2515 cached bars for FSLR
23:15:58 | INFO | Loaded 1358 cached bars for ARRY
23:16:35 | INFO | Loaded 1919 cached bars for BE
23:17:18 | INFO | Loaded 2515 cached bars for PLUG
23:18:29 | INFO | Loaded 2513 cached bars for DUK
23:19:34 | INFO | Loaded 2513 cached bars for SO
23:20:22 | INFO | Loaded 2513 cached bars for D
23:21:39 | INFO | Loaded 2513 cached bars for EXC
23:22:34 | INFO | Loaded 2513 cached bars for AEP
23:23:14 | INFO | Loaded 2513 cached bars for SRE
23:25:51 | INFO | Loaded 2513 cached bars for PEG
23:26:39 | INFO | Loaded 2515 cached bars for EIX
23:29:26 | INFO | Loaded 2515 cached bars for PCG
23:33:37 | INFO | Loaded 2515 cached bars for PPL
23:34:27 | INFO | Loaded 2515 cached bars for WEC
23:35:08 | INFO | Loaded 2515 cached bars for ES
23:47:31 | INFO | Loaded 2515 cached bars for CNP
00:04:42 | INFO | Loaded 2515 cached bars for CMS
00:05:29 | INFO | Loaded 2515 cached bars for NI
00:06:15 | INFO | Loaded 2515 cached bars for PNW
01:30:22 | INFO | Loaded 2513 cached bars for LIN
01:31:38 | INFO | Loaded 2513 cached bars for APD
01:32:53 | INFO | Loaded 2513 cached bars for NEM
01:34:07 | INFO | Loaded 2513 cached bars for FCX
01:35:16 | INFO | Loaded 2513 cached bars for ECL
01:36:39 | INFO | Loaded 2513 cached bars for SHW
02:05:22 | INFO | Loaded 2513 cached bars for DD
02:06:28 | INFO | Loaded 1754 cached bars for DOW
02:07:13 | INFO | Loaded 2515 cached bars for PPG
02:08:13 | INFO | Loaded 2515 cached bars for RPM
02:09:20 | INFO | Loaded 2515 cached bars for EMN
02:10:27 | INFO | Loaded 2515 cached bars for CE
02:11:30 | INFO | Loaded 2515 cached bars for OLN
02:12:33 | INFO | Loaded 2515 cached bars for AA
02:13:29 | INFO | Loaded 2515 cached bars for NUE
02:14:27 | INFO | Loaded 2515 cached bars for STLD
02:15:30 | INFO | Loaded 2515 cached bars for CMC
02:16:35 | INFO | Loaded 2515 cached bars for ATI
02:17:33 | INFO | Loaded 2515 cached bars for RS
02:18:27 | INFO | Loaded 2515 cached bars for ALB
02:19:22 | INFO | Loaded 1439 cached bars for MP
02:20:01 | INFO | Loaded 2515 cached bars for AVY
02:21:00 | INFO | Loaded 2515 cached bars for PKG
02:22:04 | INFO | Loaded 2515 cached bars for IP
02:23:00 | INFO | Loaded 2515 cached bars for AMCR
02:23:53 | INFO | Loaded 2513 cached bars for EQIX
02:24:46 | INFO | Loaded 2513 cached bars for DLR
02:25:42 | INFO | Loaded 2513 cached bars for AMT
02:26:37 | INFO | Loaded 2513 cached bars for CCI
02:27:28 | INFO | Loaded 2513 cached bars for SBAC
02:28:19 | INFO | Loaded 2513 cached bars for PLD
02:29:12 | INFO | Loaded 2513 cached bars for PSA
02:30:04 | INFO | Loaded 2515 cached bars for SPG
02:30:59 | INFO | Loaded 2515 cached bars for O
02:31:54 | INFO | Loaded 2060 cached bars for VICI
02:32:40 | INFO | Loaded 2515 cached bars for WELL
02:33:33 | INFO | Loaded 2515 cached bars for VTR
02:34:26 | INFO | Loaded 2515 cached bars for EQR
02:35:18 | INFO | Loaded 2515 cached bars for AVB
02:36:11 | INFO | Loaded 2515 cached bars for ESS
02:37:11 | INFO | Loaded 2515 cached bars for MAA
02:38:05 | INFO | Loaded 2515 cached bars for KIM
02:39:00 | INFO | Loaded 2515 cached bars for REG
02:39:54 | INFO | Loaded 2515 cached bars for STAG
02:40:49 | INFO | Loaded 2515 cached bars for EGP
02:41:44 | INFO | Loaded 2515 cached bars for REXR
02:42:40 | INFO | Loaded 1910 cached bars for VRT
02:43:23 | INFO | Loaded 2515 cached bars for NDAQ
02:43:27 | INFO | Loaded 2515 cached bars for MSCI
02:43:31 | INFO | Loaded 2515 cached bars for CBOE
02:43:33 | INFO | Loaded 2515 cached bars for FDS
02:43:37 | INFO | Loaded 2515 cached bars for T
02:44:17 | INFO | Loaded 2515 cached bars for VZ
02:44:55 | INFO | Loaded 2515 cached bars for TMUS
02:45:33 | INFO | Loaded 2515 cached bars for CHTR
02:52:53 | INFO | Loaded 2515 cached bars for CMCSA
02:54:59 | INFO | Loaded 2515 cached bars for LBRDA
02:56:29 | INFO | Loaded 1242 cached bars for APP
02:57:45 | INFO | Loaded 1170 cached bars for DUOL
02:59:09 | INFO | Loaded 3018 cached bars for AXON
03:02:09 | INFO | Loaded 3018 cached bars for CELH
03:02:16 | INFO | Loaded 1377 cached bars for ASAN
03:03:14 | INFO | Loaded 1091 cached bars for BRZE
03:04:08 | INFO | Loaded 3018 cached bars for PCTY
03:07:50 | INFO | Loaded 3004 cached bars for PAYC
